Archive member included to satisfy reference by file (symbol)

/usr/lib/gcc/arm-none-eabi/10.3.1/thumb/v6-m/nofp/libgcc.a(_dvmd_tls.o)
                              CMakeFiles/main.dir/home/kaiden/pico/pico-sdk/src/rp2_common/pico_divider/divider.S.obj (__aeabi_idiv0)
/usr/lib/gcc/arm-none-eabi/10.3.1/../../../arm-none-eabi/lib/thumb/v6-m/nofp/libg.a(lib_a-atexit.o)
                              /usr/lib/gcc/arm-none-eabi/10.3.1/../../../arm-none-eabi/lib/thumb/v6-m/nofp/crt0.o (atexit)
/usr/lib/gcc/arm-none-eabi/10.3.1/../../../arm-none-eabi/lib/thumb/v6-m/nofp/libg.a(lib_a-calloc.o)
                              CMakeFiles/main.dir/home/kaiden/pico/pico-sdk/src/rp2_common/pico_malloc/pico_malloc.c.obj (calloc)
/usr/lib/gcc/arm-none-eabi/10.3.1/../../../arm-none-eabi/lib/thumb/v6-m/nofp/libg.a(lib_a-callocr.o)
                              /usr/lib/gcc/arm-none-eabi/10.3.1/../../../arm-none-eabi/lib/thumb/v6-m/nofp/libg.a(lib_a-calloc.o) (_calloc_r)
/usr/lib/gcc/arm-none-eabi/10.3.1/../../../arm-none-eabi/lib/thumb/v6-m/nofp/libg.a(lib_a-fini.o)
                              /usr/lib/gcc/arm-none-eabi/10.3.1/../../../arm-none-eabi/lib/thumb/v6-m/nofp/crt0.o (__libc_fini_array)
/usr/lib/gcc/arm-none-eabi/10.3.1/../../../arm-none-eabi/lib/thumb/v6-m/nofp/libg.a(lib_a-impure.o)
                              /usr/lib/gcc/arm-none-eabi/10.3.1/../../../arm-none-eabi/lib/thumb/v6-m/nofp/libg.a(lib_a-calloc.o) (_impure_ptr)
/usr/lib/gcc/arm-none-eabi/10.3.1/../../../arm-none-eabi/lib/thumb/v6-m/nofp/libg.a(lib_a-init.o)
                              /usr/lib/gcc/arm-none-eabi/10.3.1/../../../arm-none-eabi/lib/thumb/v6-m/nofp/crt0.o (__libc_init_array)
/usr/lib/gcc/arm-none-eabi/10.3.1/../../../arm-none-eabi/lib/thumb/v6-m/nofp/libg.a(lib_a-malloc.o)
                              CMakeFiles/main.dir/home/kaiden/pico/pico-sdk/src/rp2_common/pico_malloc/pico_malloc.c.obj (malloc)
/usr/lib/gcc/arm-none-eabi/10.3.1/../../../arm-none-eabi/lib/thumb/v6-m/nofp/libg.a(lib_a-mallocr.o)
                              /usr/lib/gcc/arm-none-eabi/10.3.1/../../../arm-none-eabi/lib/thumb/v6-m/nofp/libg.a(lib_a-callocr.o) (_malloc_r)
/usr/lib/gcc/arm-none-eabi/10.3.1/../../../arm-none-eabi/lib/thumb/v6-m/nofp/libg.a(lib_a-mlock.o)
                              /usr/lib/gcc/arm-none-eabi/10.3.1/../../../arm-none-eabi/lib/thumb/v6-m/nofp/libg.a(lib_a-mallocr.o) (__malloc_lock)
/usr/lib/gcc/arm-none-eabi/10.3.1/../../../arm-none-eabi/lib/thumb/v6-m/nofp/libg.a(lib_a-realloc.o)
                              CMakeFiles/main.dir/home/kaiden/pico/pico-sdk/src/rp2_common/pico_malloc/pico_malloc.c.obj (realloc)
/usr/lib/gcc/arm-none-eabi/10.3.1/../../../arm-none-eabi/lib/thumb/v6-m/nofp/libg.a(lib_a-reallocr.o)
                              /usr/lib/gcc/arm-none-eabi/10.3.1/../../../arm-none-eabi/lib/thumb/v6-m/nofp/libg.a(lib_a-realloc.o) (_realloc_r)
/usr/lib/gcc/arm-none-eabi/10.3.1/../../../arm-none-eabi/lib/thumb/v6-m/nofp/libg.a(lib_a-sbrkr.o)
                              /usr/lib/gcc/arm-none-eabi/10.3.1/../../../arm-none-eabi/lib/thumb/v6-m/nofp/libg.a(lib_a-mallocr.o) (_sbrk_r)
/usr/lib/gcc/arm-none-eabi/10.3.1/../../../arm-none-eabi/lib/thumb/v6-m/nofp/libg.a(lib_a-strlen-stub.o)
                              CMakeFiles/main.dir/home/kaiden/pico/pico-sdk/src/rp2_common/pico_stdio/stdio.c.obj (strlen)
/usr/lib/gcc/arm-none-eabi/10.3.1/../../../arm-none-eabi/lib/thumb/v6-m/nofp/libg.a(lib_a-__atexit.o)
                              /usr/lib/gcc/arm-none-eabi/10.3.1/../../../arm-none-eabi/lib/thumb/v6-m/nofp/libg.a(lib_a-atexit.o) (__register_exitproc)
/usr/lib/gcc/arm-none-eabi/10.3.1/../../../arm-none-eabi/lib/thumb/v6-m/nofp/libg.a(lib_a-freer.o)
                              /usr/lib/gcc/arm-none-eabi/10.3.1/../../../arm-none-eabi/lib/thumb/v6-m/nofp/libg.a(lib_a-malloc.o) (_free_r)
/usr/lib/gcc/arm-none-eabi/10.3.1/../../../arm-none-eabi/lib/thumb/v6-m/nofp/libg.a(lib_a-memmove.o)
                              /usr/lib/gcc/arm-none-eabi/10.3.1/../../../arm-none-eabi/lib/thumb/v6-m/nofp/libg.a(lib_a-reallocr.o) (memmove)
/usr/lib/gcc/arm-none-eabi/10.3.1/../../../arm-none-eabi/lib/thumb/v6-m/nofp/libg.a(lib_a-reent.o)
                              /usr/lib/gcc/arm-none-eabi/10.3.1/../../../arm-none-eabi/lib/thumb/v6-m/nofp/libg.a(lib_a-sbrkr.o) (errno)

Discarded input sections

 .text          0x0000000000000000        0x0 /usr/lib/gcc/arm-none-eabi/10.3.1/thumb/v6-m/nofp/crti.o
 .data          0x0000000000000000        0x0 /usr/lib/gcc/arm-none-eabi/10.3.1/thumb/v6-m/nofp/crti.o
 .bss           0x0000000000000000        0x0 /usr/lib/gcc/arm-none-eabi/10.3.1/thumb/v6-m/nofp/crti.o
 .data          0x0000000000000000        0x4 /usr/lib/gcc/arm-none-eabi/10.3.1/thumb/v6-m/nofp/crtbegin.o
 .rodata        0x0000000000000000       0x24 /usr/lib/gcc/arm-none-eabi/10.3.1/thumb/v6-m/nofp/crtbegin.o
 .fini_array    0x0000000000000000        0x4 /usr/lib/gcc/arm-none-eabi/10.3.1/thumb/v6-m/nofp/crtbegin.o
[...]
Memory Configuration

Name             Origin             Length             Attributes
FLASH            0x0000000010000000 0x0000000000200000 xr
RAM              0x0000000020000000 0x0000000000040000 xrw
SCRATCH_X        0x0000000020040000 0x0000000000001000 xrw
SCRATCH_Y        0x0000000020041000 0x0000000000001000 xrw
*default*        0x0000000000000000 0xffffffffffffffff

Linker script and memory map

LOAD /usr/lib/gcc/arm-none-eabi/10.3.1/thumb/v6-m/nofp/crti.o
LOAD /usr/lib/gcc/arm-none-eabi/10.3.1/thumb/v6-m/nofp/crtbegin.o
LOAD /usr/lib/gcc/arm-none-eabi/10.3.1/../../../arm-none-eabi/lib/thumb/v6-m/nofp/crt0.o

.flash_begin    0x0000000010000000        0x0
                0x0000000010000000                __flash_binary_start = .

.boot2          0x0000000010000000      0x100
                0x0000000010000000                __boot2_start__ = .
 *(.boot2)
 .boot2         0x0000000010000000      0x100 /tmp/ccCu96SS.o
                0x0000000010000100                __boot2_end__ = .
                0x0000000000000001                ASSERT (((__boot2_end__ - __boot2_start__) == 0x100), ERROR: Pico second stage bootloader must be 256 bytes in size)

.text           0x0000000010000100     0x7338
                0x0000000010000100                __logical_binary_start = .
 *(.vectors)
 .vectors       0x0000000010000100       0xd4 CMakeFiles/main.dir/home/kaiden/pico/pico-sdk/src/rp2_common/pico_standard_link/crt0.S.obj
                0x0000000010000100                __vectors
                0x0000000010000100                __VECTOR_TABLE
                0x00000000100001c0                isr_invalid
                0x00000000100001c0                __default_isrs_start
                0x00000000100001c2                isr_nmi
                0x00000000100001c4                isr_hardfault
                0x00000000100001c6                isr_svcall
                0x00000000100001c8                isr_pendsv
                0x00000000100001ca                isr_systick
                0x00000000100001cc                isr_irq30
                0x00000000100001cc                __unhandled_user_irq
                0x00000000100001cc                isr_irq13
                0x00000000100001cc                isr_irq27
                0x00000000100001cc                isr_irq31
                0x00000000100001cc                isr_irq5
                0x00000000100001cc                isr_irq11
                0x00000000100001cc                isr_irq23
                0x00000000100001cc                isr_irq18
                0x00000000100001cc                isr_irq28
                0x00000000100001cc                isr_irq19
                0x00000000100001cc                isr_irq0
                0x00000000100001cc                isr_irq6
                0x00000000100001cc                isr_irq22
                0x00000000100001cc                isr_irq17
                0x00000000100001cc                isr_irq14
                0x00000000100001cc                isr_irq2
                0x00000000100001cc                isr_irq10
                0x00000000100001cc                isr_irq8
                0x00000000100001cc                isr_irq24
                0x00000000100001cc                isr_irq1
                0x00000000100001cc                isr_irq7
                0x00000000100001cc                isr_irq21
                0x00000000100001cc                isr_irq20
                0x00000000100001cc                isr_irq15
                0x00000000100001cc                isr_irq25
                0x00000000100001cc                isr_irq4
                0x00000000100001cc                isr_irq16
                0x00000000100001cc                isr_irq29
                0x00000000100001cc                isr_irq26
                0x00000000100001cc                __default_isrs_end
                0x00000000100001cc                isr_irq3
                0x00000000100001cc                isr_irq12
                0x00000000100001cc                isr_irq9
                0x00000000100001d2                unhandled_user_irq_num_in_r0
 *(.binary_info_header)
 .binary_info_header
                0x00000000100001d4       0x14 CMakeFiles/main.dir/home/kaiden/pico/pico-sdk/src/rp2_common/pico_standard_link/crt0.S.obj
                0x00000000100001e8                __binary_info_header_end = .
 *(.reset)
 .reset         0x00000000100001e8       0xa0 CMakeFiles/main.dir/home/kaiden/pico/pico-sdk/src/rp2_common/pico_standard_link/crt0.S.obj
                0x00000000100001e8                _entry_point
 .reset         0x0000000010000288       0x30 CMakeFiles/main.dir/home/kaiden/pico/pico-sdk/src/rp2_common/pico_standard_link/binary_info.c.obj
 *(.init)
 .init          0x00000000100002b8        0x4 /usr/lib/gcc/arm-none-eabi/10.3.1/thumb/v6-m/nofp/crti.o
                0x00000000100002b8                _init
 *(EXCLUDE_FILE(*libm.a: *libc.a:*lib_a-mem*.o *libgcc.a:) .text*)
 .text          0x00000000100002bc       0x98 /usr/lib/gcc/arm-none-eabi/10.3.1/thumb/v6-m/nofp/crtbegin.o
 .text.printbuf
                0x0000000010000354       0x50 CMakeFiles/main.dir/main.c.obj
                0x0000000010000354                printbuf
 .text.main     0x00000000100003a4       0xd4 CMakeFiles/main.dir/main.c.obj
                0x00000000100003a4                main
 .text.gpio_set_function
                0x0000000010000478       0x30 CMakeFiles/main.dir/home/kaiden/pico/pico-sdk/src/rp2_common/hardware_gpio/gpio.c.obj
                0x0000000010000478                gpio_set_function
 .text.running_on_fpga
                0x00000000100004a8       0x14 CMakeFiles/main.dir/home/kaiden/pico/pico-sdk/src/rp2_common/pico_platform/platform.c.obj
                0x00000000100004a8                running_on_fpga
 .text.hw_claim_lock
                0x00000000100004bc       0x18 CMakeFiles/main.dir/home/kaiden/pico/pico-sdk/src/rp2_common/hardware_claim/claim.c.obj
                0x00000000100004bc                hw_claim_lock
 .text.hw_claim_unlock
                0x00000000100004d4       0x14 CMakeFiles/main.dir/home/kaiden/pico/pico-sdk/src/rp2_common/hardware_claim/claim.c.obj
                0x00000000100004d4                hw_claim_unlock
 .text.hw_claim_or_assert
                0x00000000100004e8       0x32 CMakeFiles/main.dir/home/kaiden/pico/pico-sdk/src/rp2_common/hardware_claim/claim.c.obj
                0x00000000100004e8                hw_claim_or_assert
 .text.hw_claim_unused_from_range
                0x000000001000051a       0x50 CMakeFiles/main.dir/home/kaiden/pico/pico-sdk/src/rp2_common/hardware_claim/claim.c.obj
                0x000000001000051a                hw_claim_unused_from_range
 *fill*         0x000000001000056a        0x2 
 .text.spin_locks_reset
                0x000000001000056c       0x20 CMakeFiles/main.dir/home/kaiden/pico/pico-sdk/src/rp2_common/hardware_sync/sync.c.obj
                0x000000001000056c                spin_locks_reset
 .text.next_striped_spin_lock_num
                0x000000001000058c       0x1c CMakeFiles/main.dir/home/kaiden/pico/pico-sdk/src/rp2_common/hardware_sync/sync.c.obj
                0x000000001000058c                next_striped_spin_lock_num
 .text.spin_lock_claim_unused
                0x00000000100005a8       0x20 CMakeFiles/main.dir/home/kaiden/pico/pico-sdk/src/rp2_common/hardware_sync/sync.c.obj
                0x00000000100005a8                spin_lock_claim_unused
 .text.set_raw_irq_handler_and_unlock
                0x00000000100005c8       0x28 CMakeFiles/main.dir/home/kaiden/pico/pico-sdk/src/rp2_common/hardware_irq/irq.c.obj
 .text.make_branch
                0x00000000100005f0       0x48 CMakeFiles/main.dir/home/kaiden/pico/pico-sdk/src/rp2_common/hardware_irq/irq.c.obj
 .text.insert_branch_and_link
                0x0000000010000638       0x40 CMakeFiles/main.dir/home/kaiden/pico/pico-sdk/src/rp2_common/hardware_irq/irq.c.obj
 .text.irq_is_enabled
                0x0000000010000678       0x18 CMakeFiles/main.dir/home/kaiden/pico/pico-sdk/src/rp2_common/hardware_irq/irq.c.obj
                0x0000000010000678                irq_is_enabled
 .text.irq_set_mask_enabled
                0x0000000010000690       0x20 CMakeFiles/main.dir/home/kaiden/pico/pico-sdk/src/rp2_common/hardware_irq/irq.c.obj
                0x0000000010000690                irq_set_mask_enabled
 .text.irq_set_enabled
                0x00000000100006b0        0xe CMakeFiles/main.dir/home/kaiden/pico/pico-sdk/src/rp2_common/hardware_irq/irq.c.obj
                0x00000000100006b0                irq_set_enabled
 *fill*         0x00000000100006be        0x2 
 .text.irq_set_pending
                0x00000000100006c0       0x10 CMakeFiles/main.dir/home/kaiden/pico/pico-sdk/src/rp2_common/hardware_irq/irq.c.obj
                0x00000000100006c0                irq_set_pending
 .text.irq_get_vtable_handler
                0x00000000100006d0       0x10 CMakeFiles/main.dir/home/kaiden/pico/pico-sdk/src/rp2_common/hardware_irq/irq.c.obj
                0x00000000100006d0                irq_get_vtable_handler
 .text.irq_has_shared_handler
                0x00000000100006e0       0x24 CMakeFiles/main.dir/home/kaiden/pico/pico-sdk/src/rp2_common/hardware_irq/irq.c.obj
                0x00000000100006e0                irq_has_shared_handler
 .text.irq_set_exclusive_handler
                0x0000000010000704       0x54 CMakeFiles/main.dir/home/kaiden/pico/pico-sdk/src/rp2_common/hardware_irq/irq.c.obj
                0x0000000010000704                irq_set_exclusive_handler
 .text.irq_add_shared_handler
                0x0000000010000758      0x234 CMakeFiles/main.dir/home/kaiden/pico/pico-sdk/src/rp2_common/hardware_irq/irq.c.obj
                0x0000000010000758                irq_add_shared_handler
 .text.irq_remove_handler
                0x000000001000098c      0x1ac CMakeFiles/main.dir/home/kaiden/pico/pico-sdk/src/rp2_common/hardware_irq/irq.c.obj
                0x000000001000098c                irq_remove_handler
 .text.irq_add_tail_to_free_list
                0x0000000010000b38       0xf0 CMakeFiles/main.dir/home/kaiden/pico/pico-sdk/src/rp2_common/hardware_irq/irq.c.obj
                0x0000000010000b38                irq_add_tail_to_free_list
 .text.irq_init_priorities
                0x0000000010000c28       0x1c CMakeFiles/main.dir/home/kaiden/pico/pico-sdk/src/rp2_common/hardware_irq/irq.c.obj
                0x0000000010000c28                irq_init_priorities
 .text.user_irq_claim_unused
                0x0000000010000c44       0x28 CMakeFiles/main.dir/home/kaiden/pico/pico-sdk/src/rp2_common/hardware_irq/irq.c.obj
                0x0000000010000c44                user_irq_claim_unused
 .text.lock_init
                0x0000000010000c6c       0x10 CMakeFiles/main.dir/home/kaiden/pico/pico-sdk/src/common/pico_sync/lock_core.c.obj
                0x0000000010000c6c                lock_init
 .text.mutex_init
                0x0000000010000c7c       0x1a CMakeFiles/main.dir/home/kaiden/pico/pico-sdk/src/common/pico_sync/mutex.c.obj
                0x0000000010000c7c                mutex_init
 .text.recursive_mutex_init
                0x0000000010000c96       0x1e CMakeFiles/main.dir/home/kaiden/pico/pico-sdk/src/common/pico_sync/mutex.c.obj
                0x0000000010000c96                recursive_mutex_init
 .text.critical_section_init_with_lock_num
                0x0000000010000cb4       0x14 CMakeFiles/main.dir/home/kaiden/pico/pico-sdk/src/common/pico_sync/critical_section.c.obj
                0x0000000010000cb4                critical_section_init_with_lock_num
 .text.critical_section_init
                0x0000000010000cc8       0x14 CMakeFiles/main.dir/home/kaiden/pico/pico-sdk/src/common/pico_sync/critical_section.c.obj
                0x0000000010000cc8                critical_section_init
 .text.alarm_pool_post_alloc_init
                0x0000000010000cdc       0x40 CMakeFiles/main.dir/home/kaiden/pico/pico-sdk/src/common/pico_time/time.c.obj
 .text.sleep_until_callback
                0x0000000010000d1c       0x30 CMakeFiles/main.dir/home/kaiden/pico/pico-sdk/src/common/pico_time/time.c.obj
 .text.timer_pool_entry_comparator
                0x0000000010000d4c       0x7c CMakeFiles/main.dir/home/kaiden/pico/pico-sdk/src/common/pico_time/time.c.obj
                0x0000000010000d4c                timer_pool_entry_comparator
 .text.ph_add_child_node
                0x0000000010000dc8       0xa4 CMakeFiles/main.dir/home/kaiden/pico/pico-sdk/src/common/pico_time/time.c.obj
 .text.ph_merge_nodes
                0x0000000010000e6c       0x3e CMakeFiles/main.dir/home/kaiden/pico/pico-sdk/src/common/pico_time/time.c.obj
 *fill*         0x0000000010000eaa        0x2 
 .text.add_alarm_under_lock
                0x0000000010000eac      0x174 CMakeFiles/main.dir/home/kaiden/pico/pico-sdk/src/common/pico_time/time.c.obj
 .text.alarm_pool_alarm_callback
                0x0000000010001020      0x33c CMakeFiles/main.dir/home/kaiden/pico/pico-sdk/src/common/pico_time/time.c.obj
 .text.alarm_pool_init_default
                0x000000001000135c       0x40 CMakeFiles/main.dir/home/kaiden/pico/pico-sdk/src/common/pico_time/time.c.obj
                0x000000001000135c                alarm_pool_init_default
 .text.alarm_pool_get_default
                0x000000001000139c       0x2c CMakeFiles/main.dir/home/kaiden/pico/pico-sdk/src/common/pico_time/time.c.obj
                0x000000001000139c                alarm_pool_get_default
 .text.alarm_pool_add_alarm_at
                0x00000000100013c8      0x168 CMakeFiles/main.dir/home/kaiden/pico/pico-sdk/src/common/pico_time/time.c.obj
                0x00000000100013c8                alarm_pool_add_alarm_at
 .text.alarm_pool_cancel_alarm
                0x0000000010001530       0xf8 CMakeFiles/main.dir/home/kaiden/pico/pico-sdk/src/common/pico_time/time.c.obj
                0x0000000010001530                alarm_pool_cancel_alarm
 .text.alarm_pool_core_num
                0x0000000010001628        0x4 CMakeFiles/main.dir/home/kaiden/pico/pico-sdk/src/common/pico_time/time.c.obj
                0x0000000010001628                alarm_pool_core_num
 .text.sleep_until
                0x000000001000162c       0xfc CMakeFiles/main.dir/home/kaiden/pico/pico-sdk/src/common/pico_time/time.c.obj
                0x000000001000162c                sleep_until
 .text.sleep_us
                0x0000000010001728       0x58 CMakeFiles/main.dir/home/kaiden/pico/pico-sdk/src/common/pico_time/time.c.obj
                0x0000000010001728                sleep_us
 .text.sleep_ms
                0x0000000010001780       0x14 CMakeFiles/main.dir/home/kaiden/pico/pico-sdk/src/common/pico_time/time.c.obj
                0x0000000010001780                sleep_ms
 .text.best_effort_wfe_or_timeout
                0x0000000010001794       0xac CMakeFiles/main.dir/home/kaiden/pico/pico-sdk/src/common/pico_time/time.c.obj
                0x0000000010001794                best_effort_wfe_or_timeout
 .text.hardware_alarm_irq_handler
                0x0000000010001840       0x90 CMakeFiles/main.dir/home/kaiden/pico/pico-sdk/src/rp2_common/hardware_timer/timer.c.obj
 .text.hardware_alarm_claim
                0x00000000100018d0       0x18 CMakeFiles/main.dir/home/kaiden/pico/pico-sdk/src/rp2_common/hardware_timer/timer.c.obj
                0x00000000100018d0                hardware_alarm_claim
 .text.time_us_64
                0x00000000100018e8       0x18 CMakeFiles/main.dir/home/kaiden/pico/pico-sdk/src/rp2_common/hardware_timer/timer.c.obj
                0x00000000100018e8                time_us_64
 .text.busy_wait_until
                0x0000000010001900       0x28 CMakeFiles/main.dir/home/kaiden/pico/pico-sdk/src/rp2_common/hardware_timer/timer.c.obj
                0x0000000010001900                busy_wait_until
 .text.busy_wait_us
                0x0000000010001928       0x48 CMakeFiles/main.dir/home/kaiden/pico/pico-sdk/src/rp2_common/hardware_timer/timer.c.obj
                0x0000000010001928                busy_wait_us
 .text.hardware_alarm_set_callback
                0x0000000010001970       0x90 CMakeFiles/main.dir/home/kaiden/pico/pico-sdk/src/rp2_common/hardware_timer/timer.c.obj
                0x0000000010001970                hardware_alarm_set_callback
 .text.hardware_alarm_set_target
                0x0000000010001a00       0xe8 CMakeFiles/main.dir/home/kaiden/pico/pico-sdk/src/rp2_common/hardware_timer/timer.c.obj
                0x0000000010001a00                hardware_alarm_set_target
 .text.hardware_alarm_cancel
                0x0000000010001ae8       0x40 CMakeFiles/main.dir/home/kaiden/pico/pico-sdk/src/rp2_common/hardware_timer/timer.c.obj
                0x0000000010001ae8                hardware_alarm_cancel
 .text.ph_add_child_node
                0x0000000010001b28       0xa4 CMakeFiles/main.dir/home/kaiden/pico/pico-sdk/src/common/pico_util/pheap.c.obj
 .text.ph_merge_nodes
                0x0000000010001bcc       0x3e CMakeFiles/main.dir/home/kaiden/pico/pico-sdk/src/common/pico_util/pheap.c.obj
 *fill*         0x0000000010001c0a        0x2 
 .text.ph_clear
                0x0000000010001c0c       0x70 CMakeFiles/main.dir/home/kaiden/pico/pico-sdk/src/common/pico_util/pheap.c.obj
                0x0000000010001c0c                ph_clear
 .text.ph_post_alloc_init
                0x0000000010001c7c        0xe CMakeFiles/main.dir/home/kaiden/pico/pico-sdk/src/common/pico_util/pheap.c.obj
                0x0000000010001c7c                ph_post_alloc_init
 *fill*         0x0000000010001c8a        0x2 
 .text.ph_merge_two_pass
                0x0000000010001c8c       0xa8 CMakeFiles/main.dir/home/kaiden/pico/pico-sdk/src/common/pico_util/pheap.c.obj
                0x0000000010001c8c                ph_merge_two_pass
 .text.ph_remove_any_head
                0x0000000010001d34      0x128 CMakeFiles/main.dir/home/kaiden/pico/pico-sdk/src/common/pico_util/pheap.c.obj
 .text.ph_remove_head
                0x0000000010001e5c       0x14 CMakeFiles/main.dir/home/kaiden/pico/pico-sdk/src/common/pico_util/pheap.c.obj
                0x0000000010001e5c                ph_remove_head
 .text.ph_remove_and_free_node
                0x0000000010001e70       0xf8 CMakeFiles/main.dir/home/kaiden/pico/pico-sdk/src/common/pico_util/pheap.c.obj
                0x0000000010001e70                ph_remove_and_free_node
 .text.uart_disable_before_lcr_write
                0x0000000010001f68       0x48 CMakeFiles/main.dir/home/kaiden/pico/pico-sdk/src/rp2_common/hardware_uart/uart.c.obj
 .text.uart_write_lcr_bits_masked
                0x0000000010001fb0       0x22 CMakeFiles/main.dir/home/kaiden/pico/pico-sdk/src/rp2_common/hardware_uart/uart.c.obj
 *fill*         0x0000000010001fd2        0x2 
 .text.uart_set_baudrate
                0x0000000010001fd4       0x5c CMakeFiles/main.dir/home/kaiden/pico/pico-sdk/src/rp2_common/hardware_uart/uart.c.obj
                0x0000000010001fd4                uart_set_baudrate
 .text.uart_set_format
                0x0000000010002030       0x2c CMakeFiles/main.dir/home/kaiden/pico/pico-sdk/src/rp2_common/hardware_uart/uart.c.obj
                0x0000000010002030                uart_set_format
 .text.uart_set_translate_crlf
                0x000000001000205c       0x28 CMakeFiles/main.dir/home/kaiden/pico/pico-sdk/src/rp2_common/hardware_uart/uart.c.obj
                0x000000001000205c                uart_set_translate_crlf
 .text.uart_init
                0x0000000010002084       0x80 CMakeFiles/main.dir/home/kaiden/pico/pico-sdk/src/rp2_common/hardware_uart/uart.c.obj
                0x0000000010002084                uart_init
 .text.clock_configure
                0x0000000010002104      0x108 CMakeFiles/main.dir/home/kaiden/pico/pico-sdk/src/rp2_common/hardware_clocks/clocks.c.obj
                0x0000000010002104                clock_configure
 .text.clocks_init
                0x000000001000220c      0x100 CMakeFiles/main.dir/home/kaiden/pico/pico-sdk/src/rp2_common/hardware_clocks/clocks.c.obj
                0x000000001000220c                clocks_init
 .text.clock_get_hz
                0x000000001000230c        0xc CMakeFiles/main.dir/home/kaiden/pico/pico-sdk/src/rp2_common/hardware_clocks/clocks.c.obj
                0x000000001000230c                clock_get_hz
 .text.pll_init
                0x0000000010002318      0x120 CMakeFiles/main.dir/home/kaiden/pico/pico-sdk/src/rp2_common/hardware_pll/pll.c.obj
                0x0000000010002318                pll_init
 .text.watchdog_start_tick
                0x0000000010002438       0x10 CMakeFiles/main.dir/home/kaiden/pico/pico-sdk/src/rp2_common/hardware_watchdog/watchdog.c.obj
                0x0000000010002438                watchdog_start_tick
 .text.watchdog_update
                0x0000000010002448       0x14 CMakeFiles/main.dir/home/kaiden/pico/pico-sdk/src/rp2_common/hardware_watchdog/watchdog.c.obj
                0x0000000010002448                watchdog_update
 .text._watchdog_enable
                0x000000001000245c       0x78 CMakeFiles/main.dir/home/kaiden/pico/pico-sdk/src/rp2_common/hardware_watchdog/watchdog.c.obj
                0x000000001000245c                _watchdog_enable
 .text.watchdog_reboot
                0x00000000100024d4       0x48 CMakeFiles/main.dir/home/kaiden/pico/pico-sdk/src/rp2_common/hardware_watchdog/watchdog.c.obj
                0x00000000100024d4                watchdog_reboot
 .text.xosc_init
                0x000000001000251c       0x28 CMakeFiles/main.dir/home/kaiden/pico/pico-sdk/src/rp2_common/hardware_xosc/xosc.c.obj
                0x000000001000251c                xosc_init
 .text._exit    0x0000000010002544        0x4 CMakeFiles/main.dir/home/kaiden/pico/pico-sdk/src/rp2_common/pico_runtime/runtime.c.obj
                0x0000000010002544                _exit
 .text.exit     0x0000000010002548        0x6 CMakeFiles/main.dir/home/kaiden/pico/pico-sdk/src/rp2_common/pico_runtime/runtime.c.obj
                0x0000000010002548                exit
 *fill*         0x000000001000254e        0x2 
 .text.__assert_func
                0x0000000010002550       0x3c CMakeFiles/main.dir/home/kaiden/pico/pico-sdk/src/rp2_common/pico_runtime/runtime.c.obj
                0x0000000010002550                __assert_func
 .text.runtime_init
                0x000000001000258c       0xf8 CMakeFiles/main.dir/home/kaiden/pico/pico-sdk/src/rp2_common/pico_runtime/runtime.c.obj
                0x000000001000258c                runtime_init
 .text.panic    0x0000000010002684       0x30 CMakeFiles/main.dir/home/kaiden/pico/pico-sdk/src/rp2_common/pico_runtime/runtime.c.obj
                0x0000000010002684                panic
 .text._out_null
                0x00000000100026b4        0x2 CMakeFiles/main.dir/home/kaiden/pico/pico-sdk/src/rp2_common/pico_printf/printf.c.obj
 .text._out_fct
                0x00000000100026b6        0xe CMakeFiles/main.dir/home/kaiden/pico/pico-sdk/src/rp2_common/pico_printf/printf.c.obj
 .text._atoi    0x00000000100026c4       0x24 CMakeFiles/main.dir/home/kaiden/pico/pico-sdk/src/rp2_common/pico_printf/printf.c.obj
 .text._out_rev
                0x00000000100026e8       0xae CMakeFiles/main.dir/home/kaiden/pico/pico-sdk/src/rp2_common/pico_printf/printf.c.obj
 .text._ntoa_format
                0x0000000010002796      0x112 CMakeFiles/main.dir/home/kaiden/pico/pico-sdk/src/rp2_common/pico_printf/printf.c.obj
 .text._ntoa_long
                0x00000000100028a8       0xbc CMakeFiles/main.dir/home/kaiden/pico/pico-sdk/src/rp2_common/pico_printf/printf.c.obj
 .text._ntoa_long_long
                0x0000000010002964       0xe2 CMakeFiles/main.dir/home/kaiden/pico/pico-sdk/src/rp2_common/pico_printf/printf.c.obj
 *fill*         0x0000000010002a46        0x2 
 .text._etoa    0x0000000010002a48      0x414 CMakeFiles/main.dir/home/kaiden/pico/pico-sdk/src/rp2_common/pico_printf/printf.c.obj
 .text._ftoa    0x0000000010002e5c      0x354 CMakeFiles/main.dir/home/kaiden/pico/pico-sdk/src/rp2_common/pico_printf/printf.c.obj
 .text._vsnprintf
                0x00000000100031b0      0x624 CMakeFiles/main.dir/home/kaiden/pico/pico-sdk/src/rp2_common/pico_printf/printf.c.obj
 .text.vfctprintf
                0x00000000100037d4       0x20 CMakeFiles/main.dir/home/kaiden/pico/pico-sdk/src/rp2_common/pico_printf/printf.c.obj
                0x00000000100037d4                vfctprintf
 .text          0x00000000100037f4       0x10 CMakeFiles/main.dir/home/kaiden/pico/pico-sdk/src/rp2_common/pico_bit_ops/bit_ops_aeabi.S.obj
 .text.rom_func_lookup
                0x0000000010003804       0x10 CMakeFiles/main.dir/home/kaiden/pico/pico-sdk/src/rp2_common/pico_bootrom/bootrom.c.obj
                0x0000000010003804                rom_func_lookup
 .text.rom_data_lookup
                0x0000000010003814       0x10 CMakeFiles/main.dir/home/kaiden/pico/pico-sdk/src/rp2_common/pico_bootrom/bootrom.c.obj
                0x0000000010003814                rom_data_lookup
 .text.rom_funcs_lookup
                0x0000000010003824       0x36 CMakeFiles/main.dir/home/kaiden/pico/pico-sdk/src/rp2_common/pico_bootrom/bootrom.c.obj
                0x0000000010003824                rom_funcs_lookup
 *fill*         0x000000001000385a        0x2 
 .text.__wrap___aeabi_idiv
                0x000000001000385c       0x50 CMakeFiles/main.dir/home/kaiden/pico/pico-sdk/src/rp2_common/pico_divider/divider.S.obj
                0x000000001000385c                __wrap___aeabi_idivmod
                0x000000001000385c                divmod_s32s32
                0x000000001000385c                div_s32s32
                0x000000001000385c                __wrap___aeabi_idiv
                0x0000000010003864                divmod_s32s32_unsafe
                0x0000000010003890                divmod_s32s32_savestate
 .text.__wrap___aeabi_uidiv
                0x00000000100038ac       0x4c CMakeFiles/main.dir/home/kaiden/pico/pico-sdk/src/rp2_common/pico_divider/divider.S.obj
                0x00000000100038ac                __wrap___aeabi_uidiv
                0x00000000100038ac                __wrap___aeabi_uidivmod
                0x00000000100038ac                div_u32u32
                0x00000000100038ac                divmod_u32u32
                0x00000000100038b4                divmod_u32u32_unsafe
                0x00000000100038dc                divmod_u32u32_savestate
 .text.__wrap___aeabi_ldiv
                0x00000000100038f8      0x424 CMakeFiles/main.dir/home/kaiden/pico/pico-sdk/src/rp2_common/pico_divider/divider.S.obj
                0x00000000100038f8                div_s64s64
                0x00000000100038f8                divmod_s64s64
                0x00000000100038f8                __wrap___aeabi_ldivmod
                0x0000000010003928                div_u64u64
                0x0000000010003928                divmod_u64u64
                0x0000000010003928                __wrap___aeabi_uldivmod
                0x0000000010003938                divmod_u64u64_savestate
                0x0000000010003958                divmod_s64s64_unsafe
                0x00000000100039e0                divmod_u64u64_unsafe
 .text.__wrap___aeabi_darithmetic
                0x0000000010003d1c       0x80 CMakeFiles/main.dir/home/kaiden/pico/pico-sdk/src/rp2_common/pico_double/double_aeabi.S.obj
                0x0000000010003d1c                __wrap___aeabi_drsub
                0x0000000010003d22                __wrap___aeabi_dsub
                0x0000000010003d34                __wrap___aeabi_dadd
                0x0000000010003d46                __wrap___aeabi_ddiv
                0x0000000010003d82                __wrap___aeabi_dmul
 .text.__wrap___aeabi_cdcmple
                0x0000000010003d9c       0x6c CMakeFiles/main.dir/home/kaiden/pico/pico-sdk/src/rp2_common/pico_double/double_aeabi.S.obj
                0x0000000010003d9c                __wrap___aeabi_cdrcmple
                0x0000000010003dac                __wrap___aeabi_cdcmple
                0x0000000010003dac                __wrap___aeabi_cdcmpeq
 .text.__wrap___aeabi_dcmplt
                0x0000000010003e08        0xc CMakeFiles/main.dir/home/kaiden/pico/pico-sdk/src/rp2_common/pico_double/double_aeabi.S.obj
                0x0000000010003e08                __wrap___aeabi_dcmplt
 .text.__wrap___aeabi_dcmple
                0x0000000010003e14       0x10 CMakeFiles/main.dir/home/kaiden/pico/pico-sdk/src/rp2_common/pico_double/double_aeabi.S.obj
                0x0000000010003e14                __wrap___aeabi_dcmple
 .text.__wrap___aeabi_dcmpge
                0x0000000010003e24       0x10 CMakeFiles/main.dir/home/kaiden/pico/pico-sdk/src/rp2_common/pico_double/double_aeabi.S.obj
                0x0000000010003e24                __wrap___aeabi_dcmpge
 .text.__wrap___aeabi_dcmpgt
                0x0000000010003e34        0xa CMakeFiles/main.dir/home/kaiden/pico/pico-sdk/src/rp2_common/pico_double/double_aeabi.S.obj
                0x0000000010003e34                __wrap___aeabi_dcmpgt
 .text.__wrap___aeabi_dcmpun
                0x0000000010003e3e       0x1c CMakeFiles/main.dir/home/kaiden/pico/pico-sdk/src/rp2_common/pico_double/double_aeabi.S.obj
                0x0000000010003e3e                __wrap___aeabi_dcmpun
 *fill*         0x0000000010003e5a        0x2 
 .text.__wrap___aeabi_i2d
                0x0000000010003e5c       0x38 CMakeFiles/main.dir/home/kaiden/pico/pico-sdk/src/rp2_common/pico_double/double_aeabi.S.obj
                0x0000000010003e5c                __wrap___aeabi_ui2d
                0x0000000010003e64                __wrap___aeabi_i2d
 .text.__wrap___aeabi_d2iz
                0x0000000010003e94       0x48 CMakeFiles/main.dir/home/kaiden/pico/pico-sdk/src/rp2_common/pico_double/double_aeabi.S.obj
                0x0000000010003e94                __wrap___aeabi_d2iz
                0x0000000010003e94                double2int_z
 .text.__wrap___aeabi_d2uiz
                0x0000000010003edc       0x18 CMakeFiles/main.dir/home/kaiden/pico/pico-sdk/src/rp2_common/pico_double/double_aeabi.S.obj
                0x0000000010003edc                double2uint
                0x0000000010003edc                __wrap___aeabi_d2uiz
 .text.__aeabi_double_init
                0x0000000010003ef4       0xc8 CMakeFiles/main.dir/home/kaiden/pico/pico-sdk/src/rp2_common/pico_double/double_init_rom.c.obj
                0x0000000010003ef4                __aeabi_double_init
 .text.double_table_shim_on_use_helper
                0x0000000010003fbc       0x34 CMakeFiles/main.dir/home/kaiden/pico/pico-sdk/src/rp2_common/pico_double/double_v1_rom_shim.S.obj
                0x0000000010003fbc                double_table_shim_on_use_helper
 .text.__wrap___aeabi_dsub
                0x0000000010003ff0       0x10 CMakeFiles/main.dir/home/kaiden/pico/pico-sdk/src/rp2_common/pico_double/double_v1_rom_shim.S.obj
                0x0000000010003ff0                drsub_shim
                0x0000000010003ff6                dsub_shim
 .text.dadd_shim
                0x0000000010004000      0x15c CMakeFiles/main.dir/home/kaiden/pico/pico-sdk/src/rp2_common/pico_double/double_v1_rom_shim.S.obj
                0x0000000010004000                dadd_shim
 .text.dmul_shim
                0x000000001000415c      0x15c CMakeFiles/main.dir/home/kaiden/pico/pico-sdk/src/rp2_common/pico_double/double_v1_rom_shim.S.obj
                0x000000001000415c                dmul_shim
 .text.ddiv_shim
                0x00000000100042b8      0x1b0 CMakeFiles/main.dir/home/kaiden/pico/pico-sdk/src/rp2_common/pico_double/double_v1_rom_shim.S.obj
                0x00000000100042b8                ddiv_shim
 .text.double2uint_shim
                0x0000000010004468        0xe CMakeFiles/main.dir/home/kaiden/pico/pico-sdk/src/rp2_common/pico_double/double_v1_rom_shim.S.obj
                0x0000000010004468                double2uint_shim
                0x000000001000446a                double2ufix_shim
 *fill*         0x0000000010004476        0x2 
 .text.double2uint64_shim
                0x0000000010004478       0x70 CMakeFiles/main.dir/home/kaiden/pico/pico-sdk/src/rp2_common/pico_double/double_v1_rom_shim.S.obj
                0x0000000010004478                double2uint64_shim
                0x000000001000447a                double2ufix64_shim
                0x000000001000449a                d2fix_a
 .text.dunpacks
                0x00000000100044e8       0x3c CMakeFiles/main.dir/home/kaiden/pico/pico-sdk/src/rp2_common/pico_double/double_v1_rom_shim.S.obj
                0x00000000100044e8                dunpacks
 .text.__aeabi_lmul
                0x0000000010004524       0x32 CMakeFiles/main.dir/home/kaiden/pico/pico-sdk/src/rp2_common/pico_int64_ops/pico_int64_ops_aeabi.S.obj
                0x0000000010004524                __wrap___aeabi_lmul
 *fill*         0x0000000010004556        0x2 
 .text.__aeabi_float_init
                0x0000000010004558       0xfc CMakeFiles/main.dir/home/kaiden/pico/pico-sdk/src/rp2_common/pico_float/float_init_rom.c.obj
                0x0000000010004558                __aeabi_float_init
 .text.float_table_shim_on_use_helper
                0x0000000010004654       0x34 CMakeFiles/main.dir/home/kaiden/pico/pico-sdk/src/rp2_common/pico_float/float_v1_rom_shim.S.obj
                0x0000000010004654                float_table_shim_on_use_helper
 .text          0x0000000010004688       0x10 CMakeFiles/main.dir/home/kaiden/pico/pico-sdk/src/rp2_common/pico_mem_ops/mem_ops_aeabi.S.obj
                0x0000000010004688                __aeabi_mem_init
 .text.memset   0x0000000010004698        0xc CMakeFiles/main.dir/home/kaiden/pico/pico-sdk/src/rp2_common/pico_mem_ops/mem_ops_aeabi.S.obj
                0x0000000010004698                __wrap_memset
 .text.memcpy   0x00000000100046a4        0xc CMakeFiles/main.dir/home/kaiden/pico/pico-sdk/src/rp2_common/pico_mem_ops/mem_ops_aeabi.S.obj
                0x00000000100046a4                __wrap___aeabi_memcpy
                0x00000000100046a4                __wrap_memcpy
 .text.stdio_out_chars_no_crlf
                0x00000000100046b0        0xe CMakeFiles/main.dir/home/kaiden/pico/pico-sdk/src/rp2_common/pico_stdio/stdio.c.obj
 *fill*         0x00000000100046be        0x2 
 .text.stdio_out_chars_crlf
                0x00000000100046c0       0x80 CMakeFiles/main.dir/home/kaiden/pico/pico-sdk/src/rp2_common/pico_stdio/stdio.c.obj
 .text.stdio_stack_buffer_flush
                0x0000000010004740       0x44 CMakeFiles/main.dir/home/kaiden/pico/pico-sdk/src/rp2_common/pico_stdio/stdio.c.obj
 .text.stdio_buffered_printer
                0x0000000010004784       0x20 CMakeFiles/main.dir/home/kaiden/pico/pico-sdk/src/rp2_common/pico_stdio/stdio.c.obj
 .text.stdout_serialize_begin
                0x00000000100047a4       0x5c CMakeFiles/main.dir/home/kaiden/pico/pico-sdk/src/rp2_common/pico_stdio/stdio.c.obj
                0x00000000100047a4                stdout_serialize_begin
 .text.stdout_serialize_end
                0x0000000010004800       0x10 CMakeFiles/main.dir/home/kaiden/pico/pico-sdk/src/rp2_common/pico_stdio/stdio.c.obj
                0x0000000010004800                stdout_serialize_end
 .text.stdio_put_string
                0x0000000010004810       0x98 CMakeFiles/main.dir/home/kaiden/pico/pico-sdk/src/rp2_common/pico_stdio/stdio.c.obj
 .text.__wrap_putchar
                0x00000000100048a8       0x1c CMakeFiles/main.dir/home/kaiden/pico/pico-sdk/src/rp2_common/pico_stdio/stdio.c.obj
                0x00000000100048a8                __wrap_putchar
 .text.stdio_set_driver_enabled
                0x00000000100048c4       0x2c CMakeFiles/main.dir/home/kaiden/pico/pico-sdk/src/rp2_common/pico_stdio/stdio.c.obj
                0x00000000100048c4                stdio_set_driver_enabled
 .text.stdio_flush
                0x00000000100048f0       0x20 CMakeFiles/main.dir/home/kaiden/pico/pico-sdk/src/rp2_common/pico_stdio/stdio.c.obj
                0x00000000100048f0                stdio_flush
 .text.__wrap_puts
                0x0000000010004910       0x1e CMakeFiles/main.dir/home/kaiden/pico/pico-sdk/src/rp2_common/pico_stdio/stdio.c.obj
                0x0000000010004910                __wrap_puts
 *fill*         0x000000001000492e        0x2 
 .text.__wrap_vprintf
                0x0000000010004930       0x40 CMakeFiles/main.dir/home/kaiden/pico/pico-sdk/src/rp2_common/pico_stdio/stdio.c.obj
                0x0000000010004930                __wrap_vprintf
 .text.__wrap_printf
                0x0000000010004970       0x18 CMakeFiles/main.dir/home/kaiden/pico/pico-sdk/src/rp2_common/pico_stdio/stdio.c.obj
                0x0000000010004970                __wrap_printf
 .text.stdio_init_all
                0x0000000010004988        0xe CMakeFiles/main.dir/home/kaiden/pico/pico-sdk/src/rp2_common/pico_stdio/stdio.c.obj
                0x0000000010004988                stdio_init_all
 *fill*         0x0000000010004996        0x2 
 .text.stdio_uart_out_chars
                0x0000000010004998       0x74 CMakeFiles/main.dir/home/kaiden/pico/pico-sdk/src/rp2_common/pico_stdio_uart/stdio_uart.c.obj
 .text.stdio_uart_in_chars
                0x0000000010004a0c       0x80 CMakeFiles/main.dir/home/kaiden/pico/pico-sdk/src/rp2_common/pico_stdio_uart/stdio_uart.c.obj
                0x0000000010004a0c                stdio_uart_in_chars
 .text.on_uart_rx
                0x0000000010004a8c       0x28 CMakeFiles/main.dir/home/kaiden/pico/pico-sdk/src/rp2_common/pico_stdio_uart/stdio_uart.c.obj
 .text.stdio_uart_set_chars_available_callback
                0x0000000010004ab4       0x8c CMakeFiles/main.dir/home/kaiden/pico/pico-sdk/src/rp2_common/pico_stdio_uart/stdio_uart.c.obj
 .text.stdio_uart_init_full
                0x0000000010004b40       0x44 CMakeFiles/main.dir/home/kaiden/pico/pico-sdk/src/rp2_common/pico_stdio_uart/stdio_uart.c.obj
                0x0000000010004b40                stdio_uart_init_full
 .text.stdio_uart_init
                0x0000000010004b84       0x28 CMakeFiles/main.dir/home/kaiden/pico/pico-sdk/src/rp2_common/pico_stdio_uart/stdio_uart.c.obj
                0x0000000010004b84                stdio_uart_init
 .text.resetd_init
                0x0000000010004bac        0x2 CMakeFiles/main.dir/home/kaiden/pico/pico-sdk/src/rp2_common/pico_stdio_usb/reset_interface.c.obj
 *fill*         0x0000000010004bae        0x2 
 .text.resetd_reset
                0x0000000010004bb0        0xc CMakeFiles/main.dir/home/kaiden/pico/pico-sdk/src/rp2_common/pico_stdio_usb/reset_interface.c.obj
 .text.resetd_open
                0x0000000010004bbc       0x34 CMakeFiles/main.dir/home/kaiden/pico/pico-sdk/src/rp2_common/pico_stdio_usb/reset_interface.c.obj
 .text.resetd_xfer_cb
                0x0000000010004bf0        0x4 CMakeFiles/main.dir/home/kaiden/pico/pico-sdk/src/rp2_common/pico_stdio_usb/reset_interface.c.obj
 .text.reset_usb_boot
                0x0000000010004bf4       0x18 CMakeFiles/main.dir/home/kaiden/pico/pico-sdk/src/rp2_common/pico_stdio_usb/reset_interface.c.obj
 .text.resetd_control_xfer_cb
                0x0000000010004c0c       0x5c CMakeFiles/main.dir/home/kaiden/pico/pico-sdk/src/rp2_common/pico_stdio_usb/reset_interface.c.obj
 .text.usbd_app_driver_get_cb
                0x0000000010004c68        0xc CMakeFiles/main.dir/home/kaiden/pico/pico-sdk/src/rp2_common/pico_stdio_usb/reset_interface.c.obj
                0x0000000010004c68                usbd_app_driver_get_cb
 .text.tud_cdc_line_coding_cb
                0x0000000010004c74       0x28 CMakeFiles/main.dir/home/kaiden/pico/pico-sdk/src/rp2_common/pico_stdio_usb/reset_interface.c.obj
                0x0000000010004c74                tud_cdc_line_coding_cb
 .text.stdio_usb_set_chars_available_callback
                0x0000000010004c9c       0x14 CMakeFiles/main.dir/home/kaiden/pico/pico-sdk/src/rp2_common/pico_stdio_usb/stdio_usb.c.obj
                0x0000000010004c9c                stdio_usb_set_chars_available_callback
 .text.usb_irq  0x0000000010004cb0       0x10 CMakeFiles/main.dir/home/kaiden/pico/pico-sdk/src/rp2_common/pico_stdio_usb/stdio_usb.c.obj
 .text.timer_task
                0x0000000010004cc0       0x5c CMakeFiles/main.dir/home/kaiden/pico/pico-sdk/src/rp2_common/pico_stdio_usb/stdio_usb.c.obj
 .text.low_priority_worker_irq
                0x0000000010004d1c       0xdc CMakeFiles/main.dir/home/kaiden/pico/pico-sdk/src/rp2_common/pico_stdio_usb/stdio_usb.c.obj
 .text.tud_cdc_rx_cb
                0x0000000010004df8       0x20 CMakeFiles/main.dir/home/kaiden/pico/pico-sdk/src/rp2_common/pico_stdio_usb/stdio_usb.c.obj
                0x0000000010004df8                tud_cdc_rx_cb
 .text.stdio_usb_init
                0x0000000010004e18      0x11c CMakeFiles/main.dir/home/kaiden/pico/pico-sdk/src/rp2_common/pico_stdio_usb/stdio_usb.c.obj
                0x0000000010004e18                stdio_usb_init
 .text.stdio_usb_connected
                0x0000000010004f34        0xa CMakeFiles/main.dir/home/kaiden/pico/pico-sdk/src/rp2_common/pico_stdio_usb/stdio_usb.c.obj
                0x0000000010004f34                stdio_usb_connected
 *fill*         0x0000000010004f3e        0x2 
 .text.stdio_usb_in_chars
                0x0000000010004f40       0xc4 CMakeFiles/main.dir/home/kaiden/pico/pico-sdk/src/rp2_common/pico_stdio_usb/stdio_usb.c.obj
                0x0000000010004f40                stdio_usb_in_chars
 .text.stdio_usb_out_chars
                0x0000000010005004      0x114 CMakeFiles/main.dir/home/kaiden/pico/pico-sdk/src/rp2_common/pico_stdio_usb/stdio_usb.c.obj
 .text.tud_descriptor_device_cb
                0x0000000010005118        0x8 CMakeFiles/main.dir/home/kaiden/pico/pico-sdk/src/rp2_common/pico_stdio_usb/stdio_usb_descriptors.c.obj
                0x0000000010005118                tud_descriptor_device_cb
 .text.tud_descriptor_configuration_cb
                0x0000000010005120        0x8 CMakeFiles/main.dir/home/kaiden/pico/pico-sdk/src/rp2_common/pico_stdio_usb/stdio_usb_descriptors.c.obj
                0x0000000010005120                tud_descriptor_configuration_cb
 .text.tud_descriptor_string_cb
                0x0000000010005128       0x6c CMakeFiles/main.dir/home/kaiden/pico/pico-sdk/src/rp2_common/pico_stdio_usb/stdio_usb_descriptors.c.obj
                0x0000000010005128                tud_descriptor_string_cb
 .text._retrieve_unique_id_on_boot
                0x0000000010005194       0x10 CMakeFiles/main.dir/home/kaiden/pico/pico-sdk/src/rp2_common/pico_unique_id/unique_id.c.obj
 .text.pico_get_unique_board_id_string
                0x00000000100051a4       0x60 CMakeFiles/main.dir/home/kaiden/pico/pico-sdk/src/rp2_common/pico_unique_id/unique_id.c.obj
                0x00000000100051a4                pico_get_unique_board_id_string
 .text.flash_get_unique_id
                0x0000000010005204       0x46 CMakeFiles/main.dir/home/kaiden/pico/pico-sdk/src/rp2_common/hardware_flash/flash.c.obj
                0x0000000010005204                flash_get_unique_id
 *fill*         0x000000001000524a        0x2 
 .text.hw_endpoint_get_by_addr
                0x000000001000524c       0x18 CMakeFiles/main.dir/home/kaiden/pico/pico-sdk/lib/tinyusb/src/portable/raspberrypi/rp2040/dcd_rp2040.c.obj
 .text._hw_endpoint_alloc
                0x0000000010005264       0x70 CMakeFiles/main.dir/home/kaiden/pico/pico-sdk/lib/tinyusb/src/portable/raspberrypi/rp2040/dcd_rp2040.c.obj
 .text.hw_endpoint_init
                0x00000000100052d4       0x88 CMakeFiles/main.dir/home/kaiden/pico/pico-sdk/lib/tinyusb/src/portable/raspberrypi/rp2040/dcd_rp2040.c.obj
 .text.hw_endpoint_xfer
                0x000000001000535c       0x14 CMakeFiles/main.dir/home/kaiden/pico/pico-sdk/lib/tinyusb/src/portable/raspberrypi/rp2040/dcd_rp2040.c.obj
 .text.dcd_int_enable
                0x0000000010005370       0x2c CMakeFiles/main.dir/home/kaiden/pico/pico-sdk/lib/tinyusb/src/portable/raspberrypi/rp2040/dcd_rp2040.c.obj
                0x0000000010005370                dcd_int_enable
 .text.dcd_set_address
                0x000000001000539c       0x2c CMakeFiles/main.dir/home/kaiden/pico/pico-sdk/lib/tinyusb/src/portable/raspberrypi/rp2040/dcd_rp2040.c.obj
                0x000000001000539c                dcd_set_address
 .text.dcd_connect
                0x00000000100053c8       0x10 CMakeFiles/main.dir/home/kaiden/pico/pico-sdk/lib/tinyusb/src/portable/raspberrypi/rp2040/dcd_rp2040.c.obj
                0x00000000100053c8                dcd_connect
 .text.dcd_init
                0x00000000100053d8       0x80 CMakeFiles/main.dir/home/kaiden/pico/pico-sdk/lib/tinyusb/src/portable/raspberrypi/rp2040/dcd_rp2040.c.obj
                0x00000000100053d8                dcd_init
 .text.dcd_edpt0_status_complete
                0x0000000010005458       0x1c CMakeFiles/main.dir/home/kaiden/pico/pico-sdk/lib/tinyusb/src/portable/raspberrypi/rp2040/dcd_rp2040.c.obj
                0x0000000010005458                dcd_edpt0_status_complete
 .text.dcd_edpt_open
                0x0000000010005474       0x40 CMakeFiles/main.dir/home/kaiden/pico/pico-sdk/lib/tinyusb/src/portable/raspberrypi/rp2040/dcd_rp2040.c.obj
                0x0000000010005474                dcd_edpt_open
 .text.dcd_edpt_close_all
                0x00000000100054b4        0x8 CMakeFiles/main.dir/home/kaiden/pico/pico-sdk/lib/tinyusb/src/portable/raspberrypi/rp2040/dcd_rp2040.c.obj
                0x00000000100054b4                dcd_edpt_close_all
 .text.dcd_edpt_xfer
                0x00000000100054bc       0x34 CMakeFiles/main.dir/home/kaiden/pico/pico-sdk/lib/tinyusb/src/portable/raspberrypi/rp2040/dcd_rp2040.c.obj
                0x00000000100054bc                dcd_edpt_xfer
 .text.dcd_edpt_stall
                0x00000000100054f0       0x2c CMakeFiles/main.dir/home/kaiden/pico/pico-sdk/lib/tinyusb/src/portable/raspberrypi/rp2040/dcd_rp2040.c.obj
                0x00000000100054f0                dcd_edpt_stall
 .text.dcd_edpt_clear_stall
                0x000000001000551c       0x20 CMakeFiles/main.dir/home/kaiden/pico/pico-sdk/lib/tinyusb/src/portable/raspberrypi/rp2040/dcd_rp2040.c.obj
                0x000000001000551c                dcd_edpt_clear_stall
 .text.rp2040_usb_init
                0x000000001000553c       0x4c CMakeFiles/main.dir/home/kaiden/pico/pico-sdk/lib/tinyusb/src/portable/raspberrypi/rp2040/rp2040_usb.c.obj
                0x000000001000553c                rp2040_usb_init
 .text.hw_endpoint_xfer_start
                0x0000000010005588       0x50 CMakeFiles/main.dir/home/kaiden/pico/pico-sdk/lib/tinyusb/src/portable/raspberrypi/rp2040/rp2040_usb.c.obj
                0x0000000010005588                hw_endpoint_xfer_start
 .text.configuration_reset
                0x00000000100055d8       0x84 CMakeFiles/main.dir/home/kaiden/pico/pico-sdk/lib/tinyusb/src/device/usbd.c.obj
 .text.usbd_reset
                0x000000001000565c        0xc CMakeFiles/main.dir/home/kaiden/pico/pico-sdk/lib/tinyusb/src/device/usbd.c.obj
 .text.invoke_class_control
                0x0000000010005668       0x1a CMakeFiles/main.dir/home/kaiden/pico/pico-sdk/lib/tinyusb/src/device/usbd.c.obj
 *fill*         0x0000000010005682        0x2 
 .text.process_set_config
                0x0000000010005684      0x178 CMakeFiles/main.dir/home/kaiden/pico/pico-sdk/lib/tinyusb/src/device/usbd.c.obj
 .text.process_get_descriptor
                0x00000000100057fc       0xdc CMakeFiles/main.dir/home/kaiden/pico/pico-sdk/lib/tinyusb/src/device/usbd.c.obj
 .text.tud_mounted
                0x00000000100058d8       0x10 CMakeFiles/main.dir/home/kaiden/pico/pico-sdk/lib/tinyusb/src/device/usbd.c.obj
                0x00000000100058d8                tud_mounted
 .text.tud_suspended
                0x00000000100058e8       0x10 CMakeFiles/main.dir/home/kaiden/pico/pico-sdk/lib/tinyusb/src/device/usbd.c.obj
                0x00000000100058e8                tud_suspended
 .text.tud_inited
                0x00000000100058f8       0x14 CMakeFiles/main.dir/home/kaiden/pico/pico-sdk/lib/tinyusb/src/device/usbd.c.obj
                0x00000000100058f8                tud_inited
 .text.tud_init
                0x000000001000590c       0xcc CMakeFiles/main.dir/home/kaiden/pico/pico-sdk/lib/tinyusb/src/device/usbd.c.obj
                0x000000001000590c                tud_init
 .text.usbd_defer_func
                0x00000000100059d8       0x2a CMakeFiles/main.dir/home/kaiden/pico/pico-sdk/lib/tinyusb/src/device/usbd.c.obj
                0x00000000100059d8                usbd_defer_func
 *fill*         0x0000000010005a02        0x2 
 .text.usbd_edpt_open
                0x0000000010005a04       0x34 CMakeFiles/main.dir/home/kaiden/pico/pico-sdk/lib/tinyusb/src/device/usbd.c.obj
                0x0000000010005a04                usbd_edpt_open
 .text.usbd_open_edpt_pair
                0x0000000010005a38       0x62 CMakeFiles/main.dir/home/kaiden/pico/pico-sdk/lib/tinyusb/src/device/usbd.c.obj
                0x0000000010005a38                usbd_open_edpt_pair
 *fill*         0x0000000010005a9a        0x2 
 .text.usbd_edpt_claim
                0x0000000010005a9c       0x28 CMakeFiles/main.dir/home/kaiden/pico/pico-sdk/lib/tinyusb/src/device/usbd.c.obj
                0x0000000010005a9c                usbd_edpt_claim
 .text.usbd_edpt_release
                0x0000000010005ac4       0x28 CMakeFiles/main.dir/home/kaiden/pico/pico-sdk/lib/tinyusb/src/device/usbd.c.obj
                0x0000000010005ac4                usbd_edpt_release
 .text.usbd_edpt_xfer
                0x0000000010005aec       0x78 CMakeFiles/main.dir/home/kaiden/pico/pico-sdk/lib/tinyusb/src/device/usbd.c.obj
                0x0000000010005aec                usbd_edpt_xfer
 .text.usbd_edpt_stall
                0x0000000010005b64       0x48 CMakeFiles/main.dir/home/kaiden/pico/pico-sdk/lib/tinyusb/src/device/usbd.c.obj
                0x0000000010005b64                usbd_edpt_stall
 .text.usbd_edpt_clear_stall
                0x0000000010005bac       0x48 CMakeFiles/main.dir/home/kaiden/pico/pico-sdk/lib/tinyusb/src/device/usbd.c.obj
                0x0000000010005bac                usbd_edpt_clear_stall
 .text.usbd_edpt_stalled
                0x0000000010005bf4       0x1c CMakeFiles/main.dir/home/kaiden/pico/pico-sdk/lib/tinyusb/src/device/usbd.c.obj
                0x0000000010005bf4                usbd_edpt_stalled
 .text.process_control_request
                0x0000000010005c10      0x37c CMakeFiles/main.dir/home/kaiden/pico/pico-sdk/lib/tinyusb/src/device/usbd.c.obj
 .text.tud_task_ext
                0x0000000010005f8c      0x1b8 CMakeFiles/main.dir/home/kaiden/pico/pico-sdk/lib/tinyusb/src/device/usbd.c.obj
                0x0000000010005f8c                tud_task_ext
 .text._data_stage_xact
                0x0000000010006144       0x58 CMakeFiles/main.dir/home/kaiden/pico/pico-sdk/lib/tinyusb/src/device/usbd_control.c.obj
 .text.tud_control_status
                0x000000001000619c       0x38 CMakeFiles/main.dir/home/kaiden/pico/pico-sdk/lib/tinyusb/src/device/usbd_control.c.obj
                0x000000001000619c                tud_control_status
 .text.tud_control_xfer
                0x00000000100061d4       0x74 CMakeFiles/main.dir/home/kaiden/pico/pico-sdk/lib/tinyusb/src/device/usbd_control.c.obj
                0x00000000100061d4                tud_control_xfer
 .text.usbd_control_reset
                0x0000000010006248       0x14 CMakeFiles/main.dir/home/kaiden/pico/pico-sdk/lib/tinyusb/src/device/usbd_control.c.obj
                0x0000000010006248                usbd_control_reset
 .text.usbd_control_set_complete_callback
                0x000000001000625c        0xc CMakeFiles/main.dir/home/kaiden/pico/pico-sdk/lib/tinyusb/src/device/usbd_control.c.obj
                0x000000001000625c                usbd_control_set_complete_callback
 .text.usbd_control_set_request
                0x0000000010006268       0x1c CMakeFiles/main.dir/home/kaiden/pico/pico-sdk/lib/tinyusb/src/device/usbd_control.c.obj
                0x0000000010006268                usbd_control_set_request
 .text.usbd_control_xfer_cb
                0x0000000010006284       0xcc CMakeFiles/main.dir/home/kaiden/pico/pico-sdk/lib/tinyusb/src/device/usbd_control.c.obj
                0x0000000010006284                usbd_control_xfer_cb
 .text._prep_out_transaction
                0x0000000010006350       0x4a CMakeFiles/main.dir/home/kaiden/pico/pico-sdk/lib/tinyusb/src/class/cdc/cdc_device.c.obj
 *fill*         0x000000001000639a        0x2 
 .text.tud_cdc_n_connected
                0x000000001000639c       0x44 CMakeFiles/main.dir/home/kaiden/pico/pico-sdk/lib/tinyusb/src/class/cdc/cdc_device.c.obj
                0x000000001000639c                tud_cdc_n_connected
 .text.tud_cdc_n_available
                0x00000000100063e0       0x18 CMakeFiles/main.dir/home/kaiden/pico/pico-sdk/lib/tinyusb/src/class/cdc/cdc_device.c.obj
                0x00000000100063e0                tud_cdc_n_available
 .text.tud_cdc_n_read
                0x00000000100063f8       0x28 CMakeFiles/main.dir/home/kaiden/pico/pico-sdk/lib/tinyusb/src/class/cdc/cdc_device.c.obj
                0x00000000100063f8                tud_cdc_n_read
 .text.tud_cdc_n_write_flush
                0x0000000010006420       0xb8 CMakeFiles/main.dir/home/kaiden/pico/pico-sdk/lib/tinyusb/src/class/cdc/cdc_device.c.obj
                0x0000000010006420                tud_cdc_n_write_flush
 .text.tud_cdc_n_write
                0x00000000100064d8       0x38 CMakeFiles/main.dir/home/kaiden/pico/pico-sdk/lib/tinyusb/src/class/cdc/cdc_device.c.obj
                0x00000000100064d8                tud_cdc_n_write
 .text.tud_cdc_n_write_available
                0x0000000010006510       0x1c CMakeFiles/main.dir/home/kaiden/pico/pico-sdk/lib/tinyusb/src/class/cdc/cdc_device.c.obj
                0x0000000010006510                tud_cdc_n_write_available
 .text.cdcd_init
                0x000000001000652c       0xbc CMakeFiles/main.dir/home/kaiden/pico/pico-sdk/lib/tinyusb/src/class/cdc/cdc_device.c.obj
                0x000000001000652c                cdcd_init
 .text.cdcd_reset
                0x00000000100065e8       0x44 CMakeFiles/main.dir/home/kaiden/pico/pico-sdk/lib/tinyusb/src/class/cdc/cdc_device.c.obj
                0x00000000100065e8                cdcd_reset
 .text.cdcd_open
                0x000000001000662c       0xcc CMakeFiles/main.dir/home/kaiden/pico/pico-sdk/lib/tinyusb/src/class/cdc/cdc_device.c.obj
                0x000000001000662c                cdcd_open
 .text.cdcd_control_xfer_cb
                0x00000000100066f8      0x134 CMakeFiles/main.dir/home/kaiden/pico/pico-sdk/lib/tinyusb/src/class/cdc/cdc_device.c.obj
                0x00000000100066f8                cdcd_control_xfer_cb
 .text.cdcd_xfer_cb
                0x000000001000682c      0x130 CMakeFiles/main.dir/home/kaiden/pico/pico-sdk/lib/tinyusb/src/class/cdc/cdc_device.c.obj
                0x000000001000682c                cdcd_xfer_cb
 .text.tusb_init
                0x000000001000695c        0xa CMakeFiles/main.dir/home/kaiden/pico/pico-sdk/lib/tinyusb/src/tusb.c.obj
                0x000000001000695c                tusb_init
 .text.tusb_inited
                0x0000000010006966        0xe CMakeFiles/main.dir/home/kaiden/pico/pico-sdk/lib/tinyusb/src/tusb.c.obj
                0x0000000010006966                tusb_inited
 .text.tu_edpt_claim
                0x0000000010006974       0x50 CMakeFiles/main.dir/home/kaiden/pico/pico-sdk/lib/tinyusb/src/tusb.c.obj
                0x0000000010006974                tu_edpt_claim
 .text.tu_edpt_release
                0x00000000100069c4       0x3c CMakeFiles/main.dir/home/kaiden/pico/pico-sdk/lib/tinyusb/src/tusb.c.obj
                0x00000000100069c4                tu_edpt_release
 .text.tu_edpt_validate
                0x0000000010006a00       0x78 CMakeFiles/main.dir/home/kaiden/pico/pico-sdk/lib/tinyusb/src/tusb.c.obj
                0x0000000010006a00                tu_edpt_validate
 .text.tu_edpt_bind_driver
                0x0000000010006a78       0x26 CMakeFiles/main.dir/home/kaiden/pico/pico-sdk/lib/tinyusb/src/tusb.c.obj
                0x0000000010006a78                tu_edpt_bind_driver
 .text.advance_index
                0x0000000010006a9e       0x1a CMakeFiles/main.dir/home/kaiden/pico/pico-sdk/lib/tinyusb/src/common/tusb_fifo.c.obj
 .text._tu_fifo_peek
                0x0000000010006ab8       0x56 CMakeFiles/main.dir/home/kaiden/pico/pico-sdk/lib/tinyusb/src/common/tusb_fifo.c.obj
 .text._ff_pull_const_addr
                0x0000000010006b0e       0x4c CMakeFiles/main.dir/home/kaiden/pico/pico-sdk/lib/tinyusb/src/common/tusb_fifo.c.obj
 .text._ff_pull_n
                0x0000000010006b5a      0x110 CMakeFiles/main.dir/home/kaiden/pico/pico-sdk/lib/tinyusb/src/common/tusb_fifo.c.obj
 .text._tu_fifo_peek_n
                0x0000000010006c6a       0x6a CMakeFiles/main.dir/home/kaiden/pico/pico-sdk/lib/tinyusb/src/common/tusb_fifo.c.obj
 .text._tu_fifo_read_n
                0x0000000010006cd4       0x4e CMakeFiles/main.dir/home/kaiden/pico/pico-sdk/lib/tinyusb/src/common/tusb_fifo.c.obj
 .text._ff_push_const_addr
                0x0000000010006d22       0x40 CMakeFiles/main.dir/home/kaiden/pico/pico-sdk/lib/tinyusb/src/common/tusb_fifo.c.obj
 .text._ff_push_n
                0x0000000010006d62      0x10c CMakeFiles/main.dir/home/kaiden/pico/pico-sdk/lib/tinyusb/src/common/tusb_fifo.c.obj
 .text._tu_fifo_write_n
                0x0000000010006e6e       0xf0 CMakeFiles/main.dir/home/kaiden/pico/pico-sdk/lib/tinyusb/src/common/tusb_fifo.c.obj
 .text.tu_fifo_config
                0x0000000010006f5e       0x7c CMakeFiles/main.dir/home/kaiden/pico/pico-sdk/lib/tinyusb/src/common/tusb_fifo.c.obj
                0x0000000010006f5e                tu_fifo_config
 .text.tu_fifo_count
                0x0000000010006fda       0x2a CMakeFiles/main.dir/home/kaiden/pico/pico-sdk/lib/tinyusb/src/common/tusb_fifo.c.obj
                0x0000000010006fda                tu_fifo_count
 .text.tu_fifo_empty
                0x0000000010007004       0x10 CMakeFiles/main.dir/home/kaiden/pico/pico-sdk/lib/tinyusb/src/common/tusb_fifo.c.obj
                0x0000000010007004                tu_fifo_empty
 .text.tu_fifo_full
                0x0000000010007014       0x28 CMakeFiles/main.dir/home/kaiden/pico/pico-sdk/lib/tinyusb/src/common/tusb_fifo.c.obj
                0x0000000010007014                tu_fifo_full
 .text.tu_fifo_remaining
                0x000000001000703c       0x2c CMakeFiles/main.dir/home/kaiden/pico/pico-sdk/lib/tinyusb/src/common/tusb_fifo.c.obj
                0x000000001000703c                tu_fifo_remaining
 .text.tu_fifo_read
                0x0000000010007068       0x42 CMakeFiles/main.dir/home/kaiden/pico/pico-sdk/lib/tinyusb/src/common/tusb_fifo.c.obj
                0x0000000010007068                tu_fifo_read
 .text.tu_fifo_read_n
                0x00000000100070aa        0xa CMakeFiles/main.dir/home/kaiden/pico/pico-sdk/lib/tinyusb/src/common/tusb_fifo.c.obj
                0x00000000100070aa                tu_fifo_read_n
 .text.tu_fifo_write
                0x00000000100070b4       0x64 CMakeFiles/main.dir/home/kaiden/pico/pico-sdk/lib/tinyusb/src/common/tusb_fifo.c.obj
                0x00000000100070b4                tu_fifo_write
 .text.tu_fifo_write_n
                0x0000000010007118        0xa CMakeFiles/main.dir/home/kaiden/pico/pico-sdk/lib/tinyusb/src/common/tusb_fifo.c.obj
                0x0000000010007118                tu_fifo_write_n
 .text.tu_fifo_clear
                0x0000000010007122       0x3e CMakeFiles/main.dir/home/kaiden/pico/pico-sdk/lib/tinyusb/src/common/tusb_fifo.c.obj
                0x0000000010007122                tu_fifo_clear
 .text.tu_fifo_set_overwritable
                0x0000000010007160       0x46 CMakeFiles/main.dir/home/kaiden/pico/pico-sdk/lib/tinyusb/src/common/tusb_fifo.c.obj
                0x0000000010007160                tu_fifo_set_overwritable
 .text.spi_set_baudrate
                0x00000000100071a6       0xcc CMakeFiles/main.dir/home/kaiden/pico/pico-sdk/src/rp2_common/hardware_spi/spi.c.obj
                0x00000000100071a6                spi_set_baudrate
 *fill*         0x0000000010007272        0x2 
 .text.spi_init
                0x0000000010007274       0x74 CMakeFiles/main.dir/home/kaiden/pico/pico-sdk/src/rp2_common/hardware_spi/spi.c.obj
                0x0000000010007274                spi_init
 .text          0x00000000100072e8       0x5c /usr/lib/gcc/arm-none-eabi/10.3.1/../../../arm-none-eabi/lib/thumb/v6-m/nofp/libg.a(lib_a-strlen-stub.o)
                0x00000000100072e8                strlen
 *(.fini)
 .fini          0x0000000010007344        0x4 /usr/lib/gcc/arm-none-eabi/10.3.1/thumb/v6-m/nofp/crti.o
                0x0000000010007344                _fini
 .fini.__stub   0x0000000010007348       0xf0 linker stubs
 *crtbegin.o(.ctors)
 *crtbegin?.o(.ctors)
 *(EXCLUDE_FILE(*crtend.o *crtend?.o) .ctors)
 *(SORT_BY_NAME(.ctors.*))
 *(.ctors)
 *crtbegin.o(.dtors)
 *crtbegin?.o(.dtors)
 *(EXCLUDE_FILE(*crtend.o *crtend?.o) .dtors)
 *(SORT_BY_NAME(.dtors.*))
 *(.dtors)
 *(.eh_frame*)
 .eh_frame      0x0000000010007438        0x0 /usr/lib/gcc/arm-none-eabi/10.3.1/thumb/v6-m/nofp/crtbegin.o
                0x0000000010007438                . = ALIGN (0x4)

.glue_7         0x0000000010007438        0x0
 .glue_7        0x0000000010007438        0x0 linker stubs

.glue_7t        0x0000000010007438        0x0
 .glue_7t       0x0000000010007438        0x0 linker stubs

.vfp11_veneer   0x0000000010007438        0x0
 .vfp11_veneer  0x0000000010007438        0x0 linker stubs

.v4_bx          0x0000000010007438        0x0
 .v4_bx         0x0000000010007438        0x0 linker stubs

.iplt           0x0000000010007438        0x0
 .iplt          0x0000000010007438        0x0 /usr/lib/gcc/arm-none-eabi/10.3.1/thumb/v6-m/nofp/crtbegin.o

.rodata         0x0000000010007438     0x15c8
 *(EXCLUDE_FILE(*libm.a: *libc.a:*lib_a-mem*.o *libgcc.a:) .rodata*)
 .rodata.printbuf.str1.4
                0x0000000010007438        0xe CMakeFiles/main.dir/main.c.obj
 *fill*         0x0000000010007446        0x2 
 .rodata.main.str1.4
                0x0000000010007448       0x12 CMakeFiles/main.dir/main.c.obj
 *fill*         0x000000001000745a        0x2 
 .rodata.__bi_37.0
                0x000000001000745c        0x8 CMakeFiles/main.dir/main.c.obj
 .rodata.spin_lock_claim_unused.str1.4
                0x0000000010007464       0x1b CMakeFiles/main.dir/home/kaiden/pico/pico-sdk/src/rp2_common/hardware_sync/sync.c.obj
 *fill*         0x000000001000747f        0x1 
 .rodata.make_branch.str1.4
                0x0000000010007480       0x6d CMakeFiles/main.dir/home/kaiden/pico/pico-sdk/src/rp2_common/hardware_irq/irq.c.obj
 *fill*         0x00000000100074ed        0x3 
 .rodata.insert_branch_and_link.str1.4
                0x00000000100074f0       0x10 CMakeFiles/main.dir/home/kaiden/pico/pico-sdk/src/rp2_common/hardware_irq/irq.c.obj
 .rodata.irq_set_exclusive_handler.str1.4
                0x0000000010007500       0x36 CMakeFiles/main.dir/home/kaiden/pico/pico-sdk/src/rp2_common/hardware_irq/irq.c.obj
 *fill*         0x0000000010007536        0x2 
 .rodata.irq_add_shared_handler.str1.4
                0x0000000010007538       0xd9 CMakeFiles/main.dir/home/kaiden/pico/pico-sdk/src/rp2_common/hardware_irq/irq.c.obj
 *fill*         0x0000000010007611        0x3 
 .rodata.irq_remove_handler.str1.4
                0x0000000010007614       0x3a CMakeFiles/main.dir/home/kaiden/pico/pico-sdk/src/rp2_common/hardware_irq/irq.c.obj
 *fill*         0x000000001000764e        0x2 
 .rodata.irq_add_tail_to_free_list.str1.4
                0x0000000010007650       0x3a CMakeFiles/main.dir/home/kaiden/pico/pico-sdk/src/rp2_common/hardware_irq/irq.c.obj
 *fill*         0x000000001000768a        0x2 
 .rodata.user_irq_claim_unused.str1.4
                0x000000001000768c       0x1b CMakeFiles/main.dir/home/kaiden/pico/pico-sdk/src/rp2_common/hardware_irq/irq.c.obj
 *fill*         0x00000000100076a7        0x1 
 .rodata.__func__.0
                0x00000000100076a8       0x1a CMakeFiles/main.dir/home/kaiden/pico/pico-sdk/src/rp2_common/hardware_irq/irq.c.obj
 *fill*         0x00000000100076c2        0x2 
 .rodata.__func__.1
                0x00000000100076c4       0x17 CMakeFiles/main.dir/home/kaiden/pico/pico-sdk/src/rp2_common/hardware_irq/irq.c.obj
 *fill*         0x00000000100076db        0x1 
 .rodata.__func__.2
                0x00000000100076dc       0x13 CMakeFiles/main.dir/home/kaiden/pico/pico-sdk/src/rp2_common/hardware_irq/irq.c.obj
 *fill*         0x00000000100076ef        0x1 
 .rodata.__func__.3
                0x00000000100076f0        0xc CMakeFiles/main.dir/home/kaiden/pico/pico-sdk/src/rp2_common/hardware_irq/irq.c.obj
 .rodata.__func__.4
                0x00000000100076fc        0xf CMakeFiles/main.dir/home/kaiden/pico/pico-sdk/src/rp2_common/hardware_irq/irq.c.obj
 *fill*         0x000000001000770b        0x1 
 .rodata.__func__.5
                0x000000001000770c       0x17 CMakeFiles/main.dir/home/kaiden/pico/pico-sdk/src/rp2_common/hardware_irq/irq.c.obj
 *fill*         0x0000000010007723        0x1 
 .rodata.__func__.6
                0x0000000010007724       0x1a CMakeFiles/main.dir/home/kaiden/pico/pico-sdk/src/rp2_common/hardware_irq/irq.c.obj
 *fill*         0x000000001000773e        0x2 
 .rodata.str1.4
                0x0000000010007740       0xed CMakeFiles/main.dir/home/kaiden/pico/pico-sdk/src/common/pico_sync/mutex.c.obj
 *fill*         0x000000001000782d        0x3 
 .rodata.__func__.1
                0x0000000010007830        0xb CMakeFiles/main.dir/home/kaiden/pico/pico-sdk/src/common/pico_sync/mutex.c.obj
 *fill*         0x000000001000783b        0x1 
 .rodata.__func__.3
                0x000000001000783c       0x18 CMakeFiles/main.dir/home/kaiden/pico/pico-sdk/src/common/pico_sync/mutex.c.obj
 .rodata.__func__.4
                0x0000000010007854       0x15 CMakeFiles/main.dir/home/kaiden/pico/pico-sdk/src/common/pico_sync/mutex.c.obj
 *fill*         0x0000000010007869        0x3 
 .rodata.repeating_timer_callback.str1.4
                0x000000001000786c       0x4b CMakeFiles/main.dir/home/kaiden/pico/pico-sdk/src/common/pico_time/time.c.obj
 *fill*         0x00000000100078b7        0x1 
 .rodata.timer_pool_entry_comparator.str1.4
                0x00000000100078b8       0x22 CMakeFiles/main.dir/home/kaiden/pico/pico-sdk/src/common/pico_time/time.c.obj
 *fill*         0x00000000100078da        0x2 
 .rodata.ph_add_child_node.str1.4
                0x00000000100078dc       0x96 CMakeFiles/main.dir/home/kaiden/pico/pico-sdk/src/common/pico_time/time.c.obj
 *fill*         0x0000000010007972        0x2 
 .rodata.add_alarm_under_lock.str1.4
                0x0000000010007974       0x28 CMakeFiles/main.dir/home/kaiden/pico/pico-sdk/src/common/pico_time/time.c.obj
                                         0x2b (size before relaxing)
 .rodata.alarm_pool_alarm_callback.str1.4
                0x000000001000799c       0x98 CMakeFiles/main.dir/home/kaiden/pico/pico-sdk/src/common/pico_time/time.c.obj
                                         0xfc (size before relaxing)
 .rodata.alarm_pool_get_default.str1.4
                0x0000000010007a34       0x21 CMakeFiles/main.dir/home/kaiden/pico/pico-sdk/src/common/pico_time/time.c.obj
 *fill*         0x0000000010007a55        0x3 
 .rodata.alarm_pool_cancel_alarm.str1.4
                0x0000000010007a58       0x27 CMakeFiles/main.dir/home/kaiden/pico/pico-sdk/src/common/pico_time/time.c.obj
 *fill*         0x0000000010007a7f        0x1 
 .rodata.sleep_until.str1.4
                0x0000000010007a80       0x4d CMakeFiles/main.dir/home/kaiden/pico/pico-sdk/src/common/pico_time/time.c.obj
 *fill*         0x0000000010007acd        0x3 
 .rodata.__func__.1
                0x0000000010007ad0       0x18 CMakeFiles/main.dir/home/kaiden/pico/pico-sdk/src/common/pico_time/time.c.obj
 .rodata.__func__.10
                0x0000000010007ae8       0x15 CMakeFiles/main.dir/home/kaiden/pico/pico-sdk/src/common/pico_time/time.c.obj
 *fill*         0x0000000010007afd        0x3 
 .rodata.__func__.11
                0x0000000010007b00       0x1a CMakeFiles/main.dir/home/kaiden/pico/pico-sdk/src/common/pico_time/time.c.obj
 *fill*         0x0000000010007b1a        0x2 
 .rodata.__func__.12
                0x0000000010007b1c        0xa CMakeFiles/main.dir/home/kaiden/pico/pico-sdk/src/common/pico_time/time.c.obj
 *fill*         0x0000000010007b26        0x2 
 .rodata.__func__.3
                0x0000000010007b28       0x17 CMakeFiles/main.dir/home/kaiden/pico/pico-sdk/src/common/pico_time/time.c.obj
 *fill*         0x0000000010007b3f        0x1 
 .rodata.__func__.4
                0x0000000010007b40       0x12 CMakeFiles/main.dir/home/kaiden/pico/pico-sdk/src/common/pico_time/time.c.obj
 *fill*         0x0000000010007b52        0x2 
 .rodata.__func__.5
                0x0000000010007b54        0xd CMakeFiles/main.dir/home/kaiden/pico/pico-sdk/src/common/pico_time/time.c.obj
 *fill*         0x0000000010007b61        0x3 
 .rodata.__func__.6
                0x0000000010007b64       0x12 CMakeFiles/main.dir/home/kaiden/pico/pico-sdk/src/common/pico_time/time.c.obj
 *fill*         0x0000000010007b76        0x2 
 .rodata.__func__.7
                0x0000000010007b78        0xf CMakeFiles/main.dir/home/kaiden/pico/pico-sdk/src/common/pico_time/time.c.obj
 *fill*         0x0000000010007b87        0x1 
 .rodata.__func__.8
                0x0000000010007b88        0xc CMakeFiles/main.dir/home/kaiden/pico/pico-sdk/src/common/pico_time/time.c.obj
 .rodata.__func__.9
                0x0000000010007b94       0x15 CMakeFiles/main.dir/home/kaiden/pico/pico-sdk/src/common/pico_time/time.c.obj
 *fill*         0x0000000010007ba9        0x3 
 .rodata.hardware_alarm_claim.str1.4
                0x0000000010007bac       0x22 CMakeFiles/main.dir/home/kaiden/pico/pico-sdk/src/rp2_common/hardware_timer/timer.c.obj
 .rodata.busy_wait_us.str1.4
                0x0000000010007bce       0x61 CMakeFiles/main.dir/home/kaiden/pico/pico-sdk/src/rp2_common/hardware_timer/timer.c.obj
 *fill*         0x0000000010007bce        0x2 
 .rodata.hardware_alarm_set_target.str1.4
                0x0000000010007bd0       0x65 CMakeFiles/main.dir/home/kaiden/pico/pico-sdk/src/rp2_common/hardware_timer/timer.c.obj
 *fill*         0x0000000010007c35        0x3 
 .rodata.__func__.0
                0x0000000010007c38       0x1a CMakeFiles/main.dir/home/kaiden/pico/pico-sdk/src/rp2_common/hardware_timer/timer.c.obj
 *fill*         0x0000000010007c52        0x2 
 .rodata.__func__.1
                0x0000000010007c54       0x15 CMakeFiles/main.dir/home/kaiden/pico/pico-sdk/src/rp2_common/hardware_timer/timer.c.obj
 .rodata.ph_add_child_node.str1.4
                0x0000000010007c69       0x96 CMakeFiles/main.dir/home/kaiden/pico/pico-sdk/src/common/pico_util/pheap.c.obj
 *fill*         0x0000000010007c69        0x3 
 .rodata.ph_remove_any_head.str1.4
                0x0000000010007c6c       0x8c CMakeFiles/main.dir/home/kaiden/pico/pico-sdk/src/common/pico_util/pheap.c.obj
                                         0xa0 (size before relaxing)
 .rodata.ph_remove_and_free_node.str1.4
                0x0000000010007cf8       0x1e CMakeFiles/main.dir/home/kaiden/pico/pico-sdk/src/common/pico_util/pheap.c.obj
                                         0x26 (size before relaxing)
 *fill*         0x0000000010007d16        0x2 
 .rodata.__func__.0
                0x0000000010007d18       0x18 CMakeFiles/main.dir/home/kaiden/pico/pico-sdk/src/common/pico_util/pheap.c.obj
 .rodata.__func__.1
                0x0000000010007d30       0x13 CMakeFiles/main.dir/home/kaiden/pico/pico-sdk/src/common/pico_util/pheap.c.obj
 *fill*         0x0000000010007d43        0x1 
 .rodata.__func__.2
                0x0000000010007d44       0x12 CMakeFiles/main.dir/home/kaiden/pico/pico-sdk/src/common/pico_util/pheap.c.obj
 *fill*         0x0000000010007d56        0x2 
 .rodata.__func__.3
                0x0000000010007d58        0xc CMakeFiles/main.dir/home/kaiden/pico/pico-sdk/src/common/pico_util/pheap.c.obj
 .rodata.clock_configure.str1.4
                0x0000000010007d64       0x57 CMakeFiles/main.dir/home/kaiden/pico/pico-sdk/src/rp2_common/hardware_clocks/clocks.c.obj
 *fill*         0x0000000010007dbb        0x1 
 .rodata.__func__.1
                0x0000000010007dbc       0x10 CMakeFiles/main.dir/home/kaiden/pico/pico-sdk/src/rp2_common/hardware_clocks/clocks.c.obj
 .rodata.pll_init.str1.4
                0x0000000010007dcc      0x124 CMakeFiles/main.dir/home/kaiden/pico/pico-sdk/src/rp2_common/hardware_pll/pll.c.obj
 .rodata.__func__.0
                0x0000000010007ef0        0x9 CMakeFiles/main.dir/home/kaiden/pico/pico-sdk/src/rp2_common/hardware_pll/pll.c.obj
 *fill*         0x0000000010007ef9        0x3 
 .rodata.__assert_func.str1.4
                0x0000000010007efc       0x3f CMakeFiles/main.dir/home/kaiden/pico/pico-sdk/src/rp2_common/pico_runtime/runtime.c.obj
                                         0x43 (size before relaxing)
 *fill*         0x0000000010007f3b        0x1 
 .rodata.runtime_init.str1.4
                0x0000000010007f3c       0x61 CMakeFiles/main.dir/home/kaiden/pico/pico-sdk/src/rp2_common/pico_runtime/runtime.c.obj
 *fill*         0x0000000010007f9d        0x3 
 .rodata.panic.str1.4
                0x0000000010007fa0       0x10 CMakeFiles/main.dir/home/kaiden/pico/pico-sdk/src/rp2_common/pico_runtime/runtime.c.obj
                                         0x12 (size before relaxing)
 .rodata.__func__.2
                0x0000000010007fb0        0xd CMakeFiles/main.dir/home/kaiden/pico/pico-sdk/src/rp2_common/pico_runtime/runtime.c.obj
 *fill*         0x0000000010007fbd        0x3 
 .rodata._ftoa.str1.4
                0x0000000010007fc0       0x15 CMakeFiles/main.dir/home/kaiden/pico/pico-sdk/src/rp2_common/pico_printf/printf.c.obj
 *fill*         0x0000000010007fd5        0x3 
 .rodata._vsnprintf
                0x0000000010007fd8      0x1e0 CMakeFiles/main.dir/home/kaiden/pico/pico-sdk/src/rp2_common/pico_printf/printf.c.obj
 .rodata.pow10.0
                0x00000000100081b8       0x50 CMakeFiles/main.dir/home/kaiden/pico/pico-sdk/src/rp2_common/pico_printf/printf.c.obj
 .rodata.__aeabi_double_init.str1.4
                0x0000000010008208       0x9c CMakeFiles/main.dir/home/kaiden/pico/pico-sdk/src/rp2_common/pico_double/double_init_rom.c.obj
 .rodata.__func__.0
                0x00000000100082a4       0x14 CMakeFiles/main.dir/home/kaiden/pico/pico-sdk/src/rp2_common/pico_double/double_init_rom.c.obj
 .rodata.__aeabi_float_init.str1.4
                0x00000000100082b8       0x7a CMakeFiles/main.dir/home/kaiden/pico/pico-sdk/src/rp2_common/pico_float/float_init_rom.c.obj
                                         0x7e (size before relaxing)
 *fill*         0x0000000010008332        0x2 
 .rodata.__func__.0
                0x0000000010008334       0x13 CMakeFiles/main.dir/home/kaiden/pico/pico-sdk/src/rp2_common/pico_float/float_init_rom.c.obj
 *fill*         0x0000000010008347        0x1 
 .rodata.str1.4
                0x0000000010008348       0x3c CMakeFiles/main.dir/home/kaiden/pico/pico-sdk/src/rp2_common/pico_standard_link/binary_info.c.obj
 .rodata.__bi_44
                0x0000000010008384        0xc CMakeFiles/main.dir/home/kaiden/pico/pico-sdk/src/rp2_common/pico_standard_link/binary_info.c.obj
 .rodata.__bi_75
                0x0000000010008390        0xc CMakeFiles/main.dir/home/kaiden/pico/pico-sdk/src/rp2_common/pico_standard_link/binary_info.c.obj
 .rodata.__bi_81
                0x000000001000839c        0xc CMakeFiles/main.dir/home/kaiden/pico/pico-sdk/src/rp2_common/pico_standard_link/binary_info.c.obj
 .rodata.stdout_serialize_begin.str1.4
                0x00000000100083a8       0x61 CMakeFiles/main.dir/home/kaiden/pico/pico-sdk/src/rp2_common/pico_stdio/stdio.c.obj
 .rodata.__func__.3
                0x00000000100083a8       0x15 CMakeFiles/main.dir/home/kaiden/pico/pico-sdk/src/rp2_common/pico_stdio/stdio.c.obj
 *fill*         0x00000000100083bd        0x3 
 .rodata.crlf_str.2
                0x00000000100083c0        0x2 CMakeFiles/main.dir/home/kaiden/pico/pico-sdk/src/rp2_common/pico_stdio/stdio.c.obj
 *fill*         0x00000000100083c2        0x2 
 .rodata.str1.4
                0x00000000100083c4       0x2c CMakeFiles/main.dir/home/kaiden/pico/pico-sdk/src/rp2_common/pico_stdio_uart/stdio_uart.c.obj
 .rodata.__bi_33.4
                0x00000000100083f0        0xc CMakeFiles/main.dir/home/kaiden/pico/pico-sdk/src/rp2_common/pico_stdio_uart/stdio_uart.c.obj
 .rodata.__bi_34.5
                0x00000000100083fc        0x8 CMakeFiles/main.dir/home/kaiden/pico/pico-sdk/src/rp2_common/pico_stdio_uart/stdio_uart.c.obj
 .rodata._resetd_driver
                0x0000000010008404       0x18 CMakeFiles/main.dir/home/kaiden/pico/pico-sdk/src/rp2_common/pico_stdio_usb/reset_interface.c.obj
 .rodata.low_priority_worker_irq.str1.4
                0x000000001000841c       0x61 CMakeFiles/main.dir/home/kaiden/pico/pico-sdk/src/rp2_common/pico_stdio_usb/stdio_usb.c.obj
 .rodata.stdio_usb_init.str1.4
                0x000000001000841c       0x45 CMakeFiles/main.dir/home/kaiden/pico/pico-sdk/src/rp2_common/pico_stdio_usb/stdio_usb.c.obj
                                         0x4d (size before relaxing)
 *fill*         0x0000000010008461        0x3 
 .rodata.str1.4
                0x0000000010008464       0x13 CMakeFiles/main.dir/home/kaiden/pico/pico-sdk/src/rp2_common/pico_stdio_usb/stdio_usb.c.obj
 *fill*         0x0000000010008477        0x1 
 .rodata.__bi_182.0
                0x0000000010008478        0xc CMakeFiles/main.dir/home/kaiden/pico/pico-sdk/src/rp2_common/pico_stdio_usb/stdio_usb.c.obj
 .rodata.__func__.1
                0x0000000010008484        0xf CMakeFiles/main.dir/home/kaiden/pico/pico-sdk/src/rp2_common/pico_stdio_usb/stdio_usb.c.obj
 *fill*         0x0000000010008493        0x1 
 .rodata.__func__.3
                0x0000000010008494       0x15 CMakeFiles/main.dir/home/kaiden/pico/pico-sdk/src/rp2_common/pico_stdio_usb/stdio_usb.c.obj
 *fill*         0x00000000100084a9        0x3 
 .rodata.str1.4
                0x00000000100084ac       0x2a CMakeFiles/main.dir/home/kaiden/pico/pico-sdk/src/rp2_common/pico_stdio_usb/stdio_usb_descriptors.c.obj
 *fill*         0x00000000100084d6        0x2 
 .rodata.usbd_desc_cfg
                0x00000000100084d8       0x54 CMakeFiles/main.dir/home/kaiden/pico/pico-sdk/src/rp2_common/pico_stdio_usb/stdio_usb_descriptors.c.obj
 .rodata.usbd_desc_device
                0x000000001000852c       0x12 CMakeFiles/main.dir/home/kaiden/pico/pico-sdk/src/rp2_common/pico_stdio_usb/stdio_usb_descriptors.c.obj
 *fill*         0x000000001000853e        0x2 
 .rodata.usbd_desc_str
                0x0000000010008540       0x18 CMakeFiles/main.dir/home/kaiden/pico/pico-sdk/src/rp2_common/pico_stdio_usb/stdio_usb_descriptors.c.obj
 .rodata.pico_get_unique_board_id_string.str1.4
                0x0000000010008558       0x4d CMakeFiles/main.dir/home/kaiden/pico/pico-sdk/src/rp2_common/pico_unique_id/unique_id.c.obj
 *fill*         0x00000000100085a5        0x3 
 .rodata.__func__.0
                0x00000000100085a8       0x20 CMakeFiles/main.dir/home/kaiden/pico/pico-sdk/src/rp2_common/pico_unique_id/unique_id.c.obj
 .rodata.str1.4
                0x00000000100085c8      0x15a CMakeFiles/main.dir/home/kaiden/pico/pico-sdk/src/rp2_common/hardware_flash/flash.c.obj
 *fill*         0x0000000010008722        0x2 
 .rodata.__func__.0
                0x0000000010008724        0xd CMakeFiles/main.dir/home/kaiden/pico/pico-sdk/src/rp2_common/hardware_flash/flash.c.obj
 *fill*         0x0000000010008731        0x3 
 .rodata._hw_endpoint_alloc.str1.4
                0x0000000010008734       0xb5 CMakeFiles/main.dir/home/kaiden/pico/pico-sdk/lib/tinyusb/src/portable/raspberrypi/rp2040/dcd_rp2040.c.obj
 *fill*         0x00000000100087e9        0x3 
 .rodata.str1.4
                0x00000000100087ec       0x14 CMakeFiles/main.dir/home/kaiden/pico/pico-sdk/lib/tinyusb/src/portable/raspberrypi/rp2040/dcd_rp2040.c.obj
 .rodata.dcd_int_enable.str1.4
                0x0000000010008800        0xc CMakeFiles/main.dir/home/kaiden/pico/pico-sdk/lib/tinyusb/src/portable/raspberrypi/rp2040/dcd_rp2040.c.obj
 .rodata.__func__.0
                0x000000001000880c        0xe CMakeFiles/main.dir/home/kaiden/pico/pico-sdk/lib/tinyusb/src/portable/raspberrypi/rp2040/dcd_rp2040.c.obj
 *fill*         0x000000001000881a        0x2 
 .rodata.__func__.1
                0x000000001000881c        0xe CMakeFiles/main.dir/home/kaiden/pico/pico-sdk/lib/tinyusb/src/portable/raspberrypi/rp2040/dcd_rp2040.c.obj
 *fill*         0x000000001000882a        0x2 
 .rodata.__func__.3
                0x000000001000882c       0x10 CMakeFiles/main.dir/home/kaiden/pico/pico-sdk/lib/tinyusb/src/portable/raspberrypi/rp2040/dcd_rp2040.c.obj
 .rodata.__func__.5
                0x000000001000883c        0xf CMakeFiles/main.dir/home/kaiden/pico/pico-sdk/lib/tinyusb/src/portable/raspberrypi/rp2040/dcd_rp2040.c.obj
 *fill*         0x000000001000884b        0x1 
 .rodata.__func__.6
                0x000000001000884c       0x13 CMakeFiles/main.dir/home/kaiden/pico/pico-sdk/lib/tinyusb/src/portable/raspberrypi/rp2040/dcd_rp2040.c.obj
 *fill*         0x000000001000885f        0x1 
 .rodata.__func__.7
                0x0000000010008860        0x9 CMakeFiles/main.dir/home/kaiden/pico/pico-sdk/lib/tinyusb/src/portable/raspberrypi/rp2040/dcd_rp2040.c.obj
 *fill*         0x0000000010008869        0x3 
 .rodata.str1.4
                0x000000001000886c       0xdd CMakeFiles/main.dir/home/kaiden/pico/pico-sdk/lib/tinyusb/src/portable/raspberrypi/rp2040/rp2040_usb.c.obj
                                         0xe7 (size before relaxing)
 *fill*         0x0000000010008949        0x3 
 .rodata.__func__.0
                0x000000001000894c        0xf CMakeFiles/main.dir/home/kaiden/pico/pico-sdk/lib/tinyusb/src/portable/raspberrypi/rp2040/rp2040_usb.c.obj
 *fill*         0x000000001000895b        0x1 
 .rodata.process_get_descriptor
                0x000000001000895c       0x40 CMakeFiles/main.dir/home/kaiden/pico/pico-sdk/lib/tinyusb/src/device/usbd.c.obj
 .rodata.process_control_request
                0x000000001000899c       0x28 CMakeFiles/main.dir/home/kaiden/pico/pico-sdk/lib/tinyusb/src/device/usbd.c.obj
 .rodata.tud_task_ext
                0x00000000100089c4       0x24 CMakeFiles/main.dir/home/kaiden/pico/pico-sdk/lib/tinyusb/src/device/usbd.c.obj
 .rodata._usbd_driver
                0x00000000100089e8       0x18 CMakeFiles/main.dir/home/kaiden/pico/pico-sdk/lib/tinyusb/src/device/usbd.c.obj
                0x0000000010008a00                . = ALIGN (0x4)
 *(SORT_BY_ALIGNMENT(SORT_BY_NAME(.flashdata*)))
                0x0000000010008a00                . = ALIGN (0x4)

.ARM.extab
 *(.ARM.extab* .gnu.linkonce.armextab.*)
                0x0000000010008a00                __exidx_start = .

.ARM.exidx
 *(.ARM.exidx* .gnu.linkonce.armexidx.*)
                0x0000000010008a00                __exidx_end = .
                0x0000000010008a00                . = ALIGN (0x4)
                0x0000000010008a00                __binary_info_start = .

.binary_info    0x0000000010008a00       0x2c
 *(.binary_info.keep.*)
 .binary_info.keep.__bi_ptr37
                0x0000000010008a00        0x4 CMakeFiles/main.dir/main.c.obj
 .binary_info.keep.__bi_ptr22
                0x0000000010008a04        0x4 CMakeFiles/main.dir/home/kaiden/pico/pico-sdk/src/rp2_common/pico_standard_link/binary_info.c.obj
 .binary_info.keep.__bi_ptr30
                0x0000000010008a08        0x4 CMakeFiles/main.dir/home/kaiden/pico/pico-sdk/src/rp2_common/pico_standard_link/binary_info.c.obj
 .binary_info.keep.__bi_ptr38
                0x0000000010008a0c        0x4 CMakeFiles/main.dir/home/kaiden/pico/pico-sdk/src/rp2_common/pico_standard_link/binary_info.c.obj
 .binary_info.keep.__bi_ptr44
                0x0000000010008a10        0x4 CMakeFiles/main.dir/home/kaiden/pico/pico-sdk/src/rp2_common/pico_standard_link/binary_info.c.obj
 .binary_info.keep.__bi_ptr50
                0x0000000010008a14        0x4 CMakeFiles/main.dir/home/kaiden/pico/pico-sdk/src/rp2_common/pico_standard_link/binary_info.c.obj
 .binary_info.keep.__bi_ptr75
                0x0000000010008a18        0x4 CMakeFiles/main.dir/home/kaiden/pico/pico-sdk/src/rp2_common/pico_standard_link/binary_info.c.obj
 .binary_info.keep.__bi_ptr81
                0x0000000010008a1c        0x4 CMakeFiles/main.dir/home/kaiden/pico/pico-sdk/src/rp2_common/pico_standard_link/binary_info.c.obj
 *(.binary_info.*)
 .binary_info.__bi_ptr33
                0x0000000010008a20        0x4 CMakeFiles/main.dir/home/kaiden/pico/pico-sdk/src/rp2_common/pico_stdio_uart/stdio_uart.c.obj
 .binary_info.__bi_ptr34
                0x0000000010008a24        0x4 CMakeFiles/main.dir/home/kaiden/pico/pico-sdk/src/rp2_common/pico_stdio_uart/stdio_uart.c.obj
 .binary_info.__bi_ptr182
                0x0000000010008a28        0x4 CMakeFiles/main.dir/home/kaiden/pico/pico-sdk/src/rp2_common/pico_stdio_usb/stdio_usb.c.obj
                0x0000000010008a2c                __binary_info_end = .

.rel.dyn        0x0000000010008a2c        0x0
 .rel.iplt      0x0000000010008a2c        0x0 /usr/lib/gcc/arm-none-eabi/10.3.1/thumb/v6-m/nofp/crtbegin.o
                0x0000000010008a2c                . = ALIGN (0x4)

.ram_vector_table
                0x0000000020000000       0xc0
 *(.ram_vector_table)
 .ram_vector_table
                0x0000000020000000       0xc0 CMakeFiles/main.dir/home/kaiden/pico/pico-sdk/src/rp2_common/pico_runtime/runtime.c.obj
                0x0000000020000000                ram_vector_table

.data           0x00000000200000c0      0xc48 load address 0x0000000010008a2c
                0x00000000200000c0                __data_start__ = .
 *(vtable)
 *(.time_critical*)
 .time_critical.mutex_try_enter
                0x00000000200000c0       0x46 CMakeFiles/main.dir/home/kaiden/pico/pico-sdk/src/common/pico_sync/mutex.c.obj
                0x00000000200000c0                mutex_try_enter
 *fill*         0x0000000020000106        0x2 
 .time_critical.mutex_enter_block_until
                0x0000000020000108       0x8c CMakeFiles/main.dir/home/kaiden/pico/pico-sdk/src/common/pico_sync/mutex.c.obj
                0x0000000020000108                mutex_enter_block_until
 .time_critical.mutex_try_enter_block_until
                0x0000000020000194       0x34 CMakeFiles/main.dir/home/kaiden/pico/pico-sdk/src/common/pico_sync/mutex.c.obj
                0x0000000020000194                mutex_try_enter_block_until
 .time_critical.mutex_enter_timeout_ms
                0x00000000200001c8       0x68 CMakeFiles/main.dir/home/kaiden/pico/pico-sdk/src/common/pico_sync/mutex.c.obj
                0x00000000200001c8                mutex_enter_timeout_ms
 .time_critical.mutex_exit
                0x0000000020000230       0x4c CMakeFiles/main.dir/home/kaiden/pico/pico-sdk/src/common/pico_sync/mutex.c.obj
                0x0000000020000230                mutex_exit
 .time_critical.flash_init_boot2_copyout
                0x000000002000027c       0x30 CMakeFiles/main.dir/home/kaiden/pico/pico-sdk/src/rp2_common/hardware_flash/flash.c.obj
 .time_critical.flash_enable_xip_via_boot2
                0x00000000200002ac       0x10 CMakeFiles/main.dir/home/kaiden/pico/pico-sdk/src/rp2_common/hardware_flash/flash.c.obj
 .time_critical.flash_cs_force
                0x00000000200002bc       0x28 CMakeFiles/main.dir/home/kaiden/pico/pico-sdk/src/rp2_common/hardware_flash/flash.c.obj
 .time_critical.flash_do_cmd
                0x00000000200002e4       0xd8 CMakeFiles/main.dir/home/kaiden/pico/pico-sdk/src/rp2_common/hardware_flash/flash.c.obj
                0x00000000200002e4                flash_do_cmd
 .time_critical.reset_non_control_endpoints
                0x00000000200003bc       0x40 CMakeFiles/main.dir/home/kaiden/pico/pico-sdk/lib/tinyusb/src/portable/raspberrypi/rp2040/dcd_rp2040.c.obj
 .time_critical.hw_handle_buff_status
                0x00000000200003fc       0xa4 CMakeFiles/main.dir/home/kaiden/pico/pico-sdk/lib/tinyusb/src/portable/raspberrypi/rp2040/dcd_rp2040.c.obj
 .time_critical.dcd_rp2040_irq
                0x00000000200004a0      0x1cc CMakeFiles/main.dir/home/kaiden/pico/pico-sdk/lib/tinyusb/src/portable/raspberrypi/rp2040/dcd_rp2040.c.obj
 .time_critical.e15_is_bulkin_ep
                0x000000002000066c       0x2c CMakeFiles/main.dir/home/kaiden/pico/pico-sdk/lib/tinyusb/src/portable/raspberrypi/rp2040/rp2040_usb.c.obj
 .time_critical.e15_is_critical_frame_period
                0x0000000020000698       0x30 CMakeFiles/main.dir/home/kaiden/pico/pico-sdk/lib/tinyusb/src/portable/raspberrypi/rp2040/rp2040_usb.c.obj
 .time_critical.prepare_ep_buffer
                0x00000000200006c8       0x70 CMakeFiles/main.dir/home/kaiden/pico/pico-sdk/lib/tinyusb/src/portable/raspberrypi/rp2040/rp2040_usb.c.obj
 .time_critical.sync_ep_buffer
                0x0000000020000738       0x80 CMakeFiles/main.dir/home/kaiden/pico/pico-sdk/lib/tinyusb/src/portable/raspberrypi/rp2040/rp2040_usb.c.obj
 .time_critical._hw_endpoint_xfer_sync
                0x00000000200007b8       0x28 CMakeFiles/main.dir/home/kaiden/pico/pico-sdk/lib/tinyusb/src/portable/raspberrypi/rp2040/rp2040_usb.c.obj
 .time_critical.hw_endpoint_reset_transfer
                0x00000000200007e0        0xc CMakeFiles/main.dir/home/kaiden/pico/pico-sdk/lib/tinyusb/src/portable/raspberrypi/rp2040/rp2040_usb.c.obj
                0x00000000200007e0                hw_endpoint_reset_transfer
 .time_critical._hw_endpoint_buffer_control_update32
                0x00000000200007ec       0x58 CMakeFiles/main.dir/home/kaiden/pico/pico-sdk/lib/tinyusb/src/portable/raspberrypi/rp2040/rp2040_usb.c.obj
                0x00000000200007ec                _hw_endpoint_buffer_control_update32
 .time_critical.hw_endpoint_start_next_buffer
                0x0000000020000844       0x88 CMakeFiles/main.dir/home/kaiden/pico/pico-sdk/lib/tinyusb/src/portable/raspberrypi/rp2040/rp2040_usb.c.obj
                0x0000000020000844                hw_endpoint_start_next_buffer
 .time_critical.hw_endpoint_xfer_continue
                0x00000000200008cc       0x50 CMakeFiles/main.dir/home/kaiden/pico/pico-sdk/lib/tinyusb/src/portable/raspberrypi/rp2040/rp2040_usb.c.obj
                0x00000000200008cc                hw_endpoint_xfer_continue
 .time_critical.tinyusb
                0x000000002000091c      0x200 CMakeFiles/main.dir/home/kaiden/pico/pico-sdk/lib/tinyusb/src/device/usbd.c.obj
                0x000000002000091c                dcd_event_handler
 .time_critical.spi_write16_read16_blocking
                0x0000000020000b1c       0x42 CMakeFiles/main.dir/home/kaiden/pico/pico-sdk/src/rp2_common/hardware_spi/spi.c.obj
                0x0000000020000b1c                spi_write16_read16_blocking
 *(.text*)
 *fill*         0x0000000020000b5e        0x2 
 .text          0x0000000020000b60        0x4 /usr/lib/gcc/arm-none-eabi/10.3.1/thumb/v6-m/nofp/libgcc.a(_dvmd_tls.o)
                0x0000000020000b60                __aeabi_ldiv0
                0x0000000020000b60                __aeabi_idiv0
 *fill*         0x0000000020000b64        0x4 
 .text.__stub   0x0000000020000b68       0x90 linker stubs
                0x0000000020000bf8                . = ALIGN (0x4)
 *(.rodata*)
                0x0000000020000bf8                . = ALIGN (0x4)
 *(.data*)
 .data.striped_spin_lock_num
                0x0000000020000bf8        0x1 CMakeFiles/main.dir/home/kaiden/pico/pico-sdk/src/rp2_common/hardware_sync/sync.c.obj
 *fill*         0x0000000020000bf9        0x3 
 .data          0x0000000020000bfc       0x48 CMakeFiles/main.dir/home/kaiden/pico/pico-sdk/src/rp2_common/hardware_irq/irq_handler_chain.S.obj
                0x0000000020000bfc                irq_handler_chain_slots
                0x0000000020000c2c                irq_handler_chain_first_slot
                0x0000000020000c36                irq_handler_chain_remove_tail
 .data.default_alarm_pool
                0x0000000020000c44       0x18 CMakeFiles/main.dir/home/kaiden/pico/pico-sdk/src/common/pico_time/time.c.obj
 .data.default_alarm_pool_heap
                0x0000000020000c5c       0x10 CMakeFiles/main.dir/home/kaiden/pico/pico-sdk/src/common/pico_time/time.c.obj
 *fill*         0x0000000020000c6c        0x4 
 .data.aeabi_bits_funcs
                0x0000000020000c70       0x10 CMakeFiles/main.dir/home/kaiden/pico/pico-sdk/src/rp2_common/pico_bit_ops/bit_ops_aeabi.S.obj
                0x0000000020000c70                aeabi_bits_funcs
                0x0000000020000c80                aeabi_bits_funcs_end
 .data.aeabi_mem_funcs
                0x0000000020000c80       0x10 CMakeFiles/main.dir/home/kaiden/pico/pico-sdk/src/rp2_common/pico_mem_ops/mem_ops_aeabi.S.obj
                0x0000000020000c80                aeabi_mem_funcs
                0x0000000020000c90                aeabi_mem_funcs_end
 .data.stdio_uart
                0x0000000020000c90       0x18 CMakeFiles/main.dir/home/kaiden/pico/pico-sdk/src/rp2_common/pico_stdio_uart/stdio_uart.c.obj
                0x0000000020000c90                stdio_uart
 .data.stdio_usb
                0x0000000020000ca8       0x18 CMakeFiles/main.dir/home/kaiden/pico/pico-sdk/src/rp2_common/pico_stdio_usb/stdio_usb.c.obj
                0x0000000020000ca8                stdio_usb
 .data.ep_dir_string
                0x0000000020000cc0        0x8 CMakeFiles/main.dir/home/kaiden/pico/pico-sdk/lib/tinyusb/src/portable/raspberrypi/rp2040/rp2040_usb.c.obj
                0x0000000020000cc0                ep_dir_string
 .data._usbd_qdef
                0x0000000020000cc8       0x1c CMakeFiles/main.dir/home/kaiden/pico/pico-sdk/lib/tinyusb/src/device/usbd.c.obj
                0x0000000020000cc8                _usbd_qdef
 .data._usbd_rhport
                0x0000000020000ce4        0x1 CMakeFiles/main.dir/home/kaiden/pico/pico-sdk/lib/tinyusb/src/device/usbd.c.obj
                0x0000000020000ce8                . = ALIGN (0x4)
 *fill*         0x0000000020000ce5        0x3 
 *(.after_data.*)
                0x0000000020000ce8                . = ALIGN (0x4)
                0x0000000020000ce8                PROVIDE (__mutex_array_start = .)
 *(SORT_BY_NAME(.mutex_array.*))
 *(.mutex_array)
 .mutex_array   0x0000000020000ce8        0x8 CMakeFiles/main.dir/home/kaiden/pico/pico-sdk/src/rp2_common/pico_stdio/stdio.c.obj